
*** Running vivado
    with args -log top.vdi -applog -m64 -product Vivado -messageDb vivado.pb -mode batch -source top.tcl -notrace


****** Vivado v2025.1 (64-bit)
  **** SW Build 6140274 on Wed May 21 22:58:25 MDT 2025
  **** IP Build 6138677 on Thu May 22 03:10:11 MDT 2025
  **** SharedData Build 6139179 on Tue May 20 17:58:58 MDT 2025
  **** Start of session at: Tue Jan 13 19:59:54 2026
    ** Copyright 1986-2022 Xilinx, Inc. All Rights Reserved.
    ** Copyright 2022-2025 Advanced Micro Devices, Inc. All Rights Reserved.

source top.tcl -notrace
Command: link_design -top top -part xc7a35tcpg236-1
Design is defaulting to srcset: sources_1
Design is defaulting to constrset: constrs_1
INFO: [Device 21-403] Loading part xc7a35tcpg236-1
INFO: [Project 1-5699] Read binary netlist with skipMacroContent - 1
INFO: [Project 1-454] Reading design checkpoint '/home/bram-laurens/SpaceInvaders_V2/SpaceInvaders_V2.gen/sources_1/ip/blk_mem_gen_1/blk_mem_gen_1.dcp' for cell 'palette_rom_inst'
INFO: [Project 1-454] Reading design checkpoint '/home/bram-laurens/SpaceInvaders_V2/SpaceInvaders_V2.gen/sources_1/ip/blk_mem_gen_0/blk_mem_gen_0.dcp' for cell 'sprite_sheet_rom_inst'
INFO: [Project 1-454] Reading design checkpoint '/home/bram-laurens/SpaceInvaders_V2/SpaceInvaders_V2.gen/sources_1/ip/uart_bram/uart_bram.dcp' for cell 'uart_bram_inst'
Netlist sorting complete. Time (s): cpu = 00:00:00.01 ; elapsed = 00:00:00.02 . Memory (MB): peak = 1685.461 ; gain = 0.000 ; free physical = 10431 ; free virtual = 26410
INFO: [Netlist 29-17] Analyzing 1297 Unisim elements for replacement
INFO: [Netlist 29-28] Unisim Transformation completed in 0 CPU seconds
INFO: [Project 1-479] Netlist was created with Vivado 2025.1
INFO: [Project 1-570] Preparing netlist for logic optimization
Parsing XDC File [/home/bram-laurens/SpaceInvaders_V2/SpaceInvaders_V2.srcs/constrs_1/imports/Downloads/Basys-3-Master.xdc]
Finished Parsing XDC File [/home/bram-laurens/SpaceInvaders_V2/SpaceInvaders_V2.srcs/constrs_1/imports/Downloads/Basys-3-Master.xdc]
INFO: [Opt 31-138] Pushed 0 inverter(s) to 0 load pin(s).
Netlist sorting complete. Time (s): cpu = 00:00:00 ; elapsed = 00:00:00 . Memory (MB): peak = 1873.066 ; gain = 0.000 ; free physical = 10338 ; free virtual = 26242
INFO: [Project 1-111] Unisim Transformation Summary:
No Unisim elements were transformed.

11 Infos, 0 Warnings, 0 Critical Warnings and 0 Errors encountered.
link_design completed successfully
Command: opt_design
Attempting to get a license for feature 'Implementation' and/or device 'xc7a35t'
INFO: [Common 17-349] Got license for feature 'Implementation' and/or device 'xc7a35t'
Running DRC as a precondition to command opt_design

Starting DRC Task
INFO: [DRC 23-27] Running DRC with 8 threads
INFO: [Project 1-461] DRC finished with 0 Errors
INFO: [Project 1-462] Please refer to the DRC report (report_drc) for more information.

Time (s): cpu = 00:00:01 ; elapsed = 00:00:00.31 . Memory (MB): peak = 1966.879 ; gain = 93.777 ; free physical = 10254 ; free virtual = 26177

Starting Cache Timing Information Task
INFO: [Timing 38-35] Done setting XDC timing constraints.
Ending Cache Timing Information Task | Checksum: 3064f4cee

Time (s): cpu = 00:00:03 ; elapsed = 00:00:03 . Memory (MB): peak = 2405.738 ; gain = 438.859 ; free physical = 10069 ; free virtual = 25958

Starting Logic Optimization Task

Phase 1 Initialization

Phase 1.1 Core Generation And Design Setup
Phase 1.1 Core Generation And Design Setup | Checksum: 3064f4cee

Time (s): cpu = 00:00:00 ; elapsed = 00:00:00 . Memory (MB): peak = 2773.512 ; gain = 0.000 ; free physical = 9717 ; free virtual = 25619

Phase 1.2 Setup Constraints And Sort Netlist
Phase 1.2 Setup Constraints And Sort Netlist | Checksum: 3064f4cee

Time (s): cpu = 00:00:00 ; elapsed = 00:00:00 . Memory (MB): peak = 2773.512 ; gain = 0.000 ; free physical = 9717 ; free virtual = 25619
Phase 1 Initialization | Checksum: 3064f4cee

Time (s): cpu = 00:00:00 ; elapsed = 00:00:00.01 . Memory (MB): peak = 2773.512 ; gain = 0.000 ; free physical = 9717 ; free virtual = 25619

Phase 2 Timer Update And Timing Data Collection

Phase 2.1 Timer Update
Phase 2.1 Timer Update | Checksum: 3064f4cee

Time (s): cpu = 00:00:00.11 ; elapsed = 00:00:00.04 . Memory (MB): peak = 2773.512 ; gain = 0.000 ; free physical = 9716 ; free virtual = 25619

Phase 2.2 Timing Data Collection
Phase 2.2 Timing Data Collection | Checksum: 3064f4cee

Time (s): cpu = 00:00:00.11 ; elapsed = 00:00:00.05 . Memory (MB): peak = 2773.512 ; gain = 0.000 ; free physical = 9717 ; free virtual = 25620
Phase 2 Timer Update And Timing Data Collection | Checksum: 3064f4cee

Time (s): cpu = 00:00:00.11 ; elapsed = 00:00:00.05 . Memory (MB): peak = 2773.512 ; gain = 0.000 ; free physical = 9717 ; free virtual = 25620

Phase 3 Retarget
INFO: [Opt 31-1851] Number of loadless carry chains removed were: 0
INFO: [Opt 31-1834] Total Chains To Be Transformed Were: 0 AND Number of Transformed insts Created are: 0
INFO: [Opt 31-138] Pushed 0 inverter(s) to 0 load pin(s).
INFO: [Opt 31-49] Retargeted 0 cell(s).
Phase 3 Retarget | Checksum: 28244883a

Time (s): cpu = 00:00:00.16 ; elapsed = 00:00:00.09 . Memory (MB): peak = 2773.512 ; gain = 0.000 ; free physical = 9719 ; free virtual = 25622
Retarget | Checksum: 28244883a
INFO: [Opt 31-389] Phase Retarget created 14 cells and removed 14 cells

Phase 4 Constant propagation
INFO: [Opt 31-138] Pushed 0 inverter(s) to 0 load pin(s).
Phase 4 Constant propagation | Checksum: 28cd16e2c

Time (s): cpu = 00:00:00.19 ; elapsed = 00:00:00.12 . Memory (MB): peak = 2773.512 ; gain = 0.000 ; free physical = 9718 ; free virtual = 25621
Constant propagation | Checksum: 28cd16e2c
INFO: [Opt 31-389] Phase Constant propagation created 0 cells and removed 0 cells

Phase 5 Sweep
INFO: [Constraints 18-11670] Building netlist checker database with flags, 0x8
Done building netlist checker database: Time (s): cpu = 00:00:00 ; elapsed = 00:00:00 . Memory (MB): peak = 2773.512 ; gain = 0.000 ; free physical = 9718 ; free virtual = 25621
INFO: [Constraints 18-11670] Building netlist checker database with flags, 0x8
Done building netlist checker database: Time (s): cpu = 00:00:00 ; elapsed = 00:00:00 . Memory (MB): peak = 2773.512 ; gain = 0.000 ; free physical = 9717 ; free virtual = 25620
Phase 5 Sweep | Checksum: 2b92795e1

Time (s): cpu = 00:00:00.24 ; elapsed = 00:00:00.18 . Memory (MB): peak = 2773.512 ; gain = 0.000 ; free physical = 9717 ; free virtual = 25620
Sweep | Checksum: 2b92795e1
INFO: [Opt 31-389] Phase Sweep created 0 cells and removed 0 cells

Phase 6 BUFG optimization
Phase 6 BUFG optimization | Checksum: 2b92795e1

Time (s): cpu = 00:00:00.29 ; elapsed = 00:00:00.21 . Memory (MB): peak = 2805.527 ; gain = 32.016 ; free physical = 9716 ; free virtual = 25619
BUFG optimization | Checksum: 2b92795e1
INFO: [Opt 31-662] Phase BUFG optimization created 0 cells of which 0 are BUFGs and removed 0 cells.

Phase 7 Shift Register Optimization
INFO: [Opt 31-1064] SRL Remap converted 0 SRLs to 0 registers and converted 0 registers of register chains to 0 SRLs
Phase 7 Shift Register Optimization | Checksum: 26c3b4b10

Time (s): cpu = 00:00:00.29 ; elapsed = 00:00:00.21 . Memory (MB): peak = 2805.527 ; gain = 32.016 ; free physical = 9716 ; free virtual = 25619
Shift Register Optimization | Checksum: 26c3b4b10
INFO: [Opt 31-389] Phase Shift Register Optimization created 5 cells and removed 0 cells

Phase 8 Post Processing Netlist
Phase 8 Post Processing Netlist | Checksum: 26c3b4b10

Time (s): cpu = 00:00:00.3 ; elapsed = 00:00:00.22 . Memory (MB): peak = 2805.527 ; gain = 32.016 ; free physical = 9707 ; free virtual = 25617
Post Processing Netlist | Checksum: 26c3b4b10
INFO: [Opt 31-389] Phase Post Processing Netlist created 0 cells and removed 0 cells

Phase 9 Finalization

Phase 9.1 Finalizing Design Cores and Updating Shapes
Phase 9.1 Finalizing Design Cores and Updating Shapes | Checksum: 2cc3ada8f

Time (s): cpu = 00:00:00.45 ; elapsed = 00:00:00.37 . Memory (MB): peak = 2805.527 ; gain = 32.016 ; free physical = 9678 ; free virtual = 25590

Phase 9.2 Verifying Netlist Connectivity

Starting Connectivity Check Task

Time (s): cpu = 00:00:00 ; elapsed = 00:00:00 . Memory (MB): peak = 2805.527 ; gain = 0.000 ; free physical = 9678 ; free virtual = 25590
Phase 9.2 Verifying Netlist Connectivity | Checksum: 2cc3ada8f

Time (s): cpu = 00:00:00.45 ; elapsed = 00:00:00.37 . Memory (MB): peak = 2805.527 ; gain = 32.016 ; free physical = 9678 ; free virtual = 25588
Phase 9 Finalization | Checksum: 2cc3ada8f

Time (s): cpu = 00:00:00.45 ; elapsed = 00:00:00.38 . Memory (MB): peak = 2805.527 ; gain = 32.016 ; free physical = 9678 ; free virtual = 25588
Opt_design Change Summary
=========================


-------------------------------------------------------------------------------------------------------------------------
|  Phase                        |  #Cells created  |  #Cells Removed  |  #Constrained objects preventing optimizations  |
-------------------------------------------------------------------------------------------------------------------------
|  Retarget                     |              14  |              14  |                                              0  |
|  Constant propagation         |               0  |               0  |                                              0  |
|  Sweep                        |               0  |               0  |                                              0  |
|  BUFG optimization            |               0  |               0  |                                              0  |
|  Shift Register Optimization  |               5  |               0  |                                              0  |
|  Post Processing Netlist      |               0  |               0  |                                              0  |
-------------------------------------------------------------------------------------------------------------------------


Ending Logic Optimization Task | Checksum: 2cc3ada8f

Time (s): cpu = 00:00:00.45 ; elapsed = 00:00:00.38 . Memory (MB): peak = 2805.527 ; gain = 32.016 ; free physical = 9678 ; free virtual = 25588

Starting Power Optimization Task
INFO: [Pwropt 34-132] Skipping clock gating for clocks with a period < 2.00 ns.
INFO: [Timing 38-35] Done setting XDC timing constraints.
Running Vector-less Activity Propagation...

Finished Running Vector-less Activity Propagation
INFO: [Pwropt 34-9] Applying IDT optimizations ...
INFO: [Pwropt 34-10] Applying ODC optimizations ...


Starting PowerOpt Patch Enables Task
INFO: [Pwropt 34-162] WRITE_MODE attribute of 0 BRAM(s) out of a total of 16 has been updated to save power. Run report_power_opt to get a complete listing of the BRAMs updated.
INFO: [Pwropt 34-201] Structural ODC has moved 0 WE to EN ports
Number of BRAM Ports augmented: 1 newly gated: 0 Total Ports: 32
Ending PowerOpt Patch Enables Task | Checksum: 24460afbd

Time (s): cpu = 00:00:00.03 ; elapsed = 00:00:00.03 . Memory (MB): peak = 3060.504 ; gain = 0.000 ; free physical = 9606 ; free virtual = 25486
Ending Power Optimization Task | Checksum: 24460afbd

Time (s): cpu = 00:00:03 ; elapsed = 00:00:02 . Memory (MB): peak = 3060.504 ; gain = 254.977 ; free physical = 9605 ; free virtual = 25486

Starting Final Cleanup Task
Ending Final Cleanup Task | Checksum: 24460afbd

Time (s): cpu = 00:00:00.01 ; elapsed = 00:00:00 . Memory (MB): peak = 3060.504 ; gain = 0.000 ; free physical = 9605 ; free virtual = 25486

Starting Netlist Obfuscation Task
Netlist sorting complete. Time (s): cpu = 00:00:00 ; elapsed = 00:00:00 . Memory (MB): peak = 3060.504 ; gain = 0.000 ; free physical = 9605 ; free virtual = 25486
Ending Netlist Obfuscation Task | Checksum: 2844cc8f6

Time (s): cpu = 00:00:00 ; elapsed = 00:00:00 . Memory (MB): peak = 3060.504 ; gain = 0.000 ; free physical = 9605 ; free virtual = 25486
INFO: [Common 17-83] Releasing license: Implementation
37 Infos, 0 Warnings, 0 Critical Warnings and 0 Errors encountered.
opt_design completed successfully
opt_design: Time (s): cpu = 00:00:09 ; elapsed = 00:00:07 . Memory (MB): peak = 3060.504 ; gain = 1187.402 ; free physical = 9605 ; free virtual = 25486
INFO: [Vivado 12-24828] Executing command : report_drc -file top_drc_opted.rpt -pb top_drc_opted.pb -rpx top_drc_opted.rpx
Command: report_drc -file top_drc_opted.rpt -pb top_drc_opted.pb -rpx top_drc_opted.rpx
INFO: [IP_Flow 19-1839] IP Catalog is up to date.
INFO: [DRC 23-27] Running DRC with 8 threads
INFO: [Vivado_Tcl 2-168] The results of DRC are in file /home/bram-laurens/SpaceInvaders_V2/SpaceInvaders_V2.runs/impl_1/top_drc_opted.rpt.
report_drc completed successfully
INFO: [Timing 38-480] Writing timing data to binary archive.
Wrote PlaceDB: Time (s): cpu = 00:00:00.01 ; elapsed = 00:00:00 . Memory (MB): peak = 3060.504 ; gain = 0.000 ; free physical = 9612 ; free virtual = 25491
Wrote PulsedLatchDB: Time (s): cpu = 00:00:00 ; elapsed = 00:00:00 . Memory (MB): peak = 3060.504 ; gain = 0.000 ; free physical = 9612 ; free virtual = 25491
Writing XDEF routing.
Write ShapeDB Complete: Time (s): cpu = 00:00:00.04 ; elapsed = 00:00:00 . Memory (MB): peak = 3060.504 ; gain = 0.000 ; free physical = 9612 ; free virtual = 25491
Writing XDEF routing logical nets.
Writing XDEF routing special nets.
Wrote RouteStorage: Time (s): cpu = 00:00:00.04 ; elapsed = 00:00:00.01 . Memory (MB): peak = 3060.504 ; gain = 0.000 ; free physical = 9612 ; free virtual = 25491
Wrote Netlist Cache: Time (s): cpu = 00:00:00 ; elapsed = 00:00:00 . Memory (MB): peak = 3060.504 ; gain = 0.000 ; free physical = 9612 ; free virtual = 25491
Wrote Device Cache: Time (s): cpu = 00:00:00.01 ; elapsed = 00:00:00 . Memory (MB): peak = 3060.504 ; gain = 0.000 ; free physical = 9611 ; free virtual = 25490
Write Physdb Complete: Time (s): cpu = 00:00:00.06 ; elapsed = 00:00:00.01 . Memory (MB): peak = 3060.504 ; gain = 0.000 ; free physical = 9611 ; free virtual = 25490
INFO: [Common 17-1381] The checkpoint '/home/bram-laurens/SpaceInvaders_V2/SpaceInvaders_V2.runs/impl_1/top_opt.dcp' has been generated.
Command: place_design
Attempting to get a license for feature 'Implementation' and/or device 'xc7a35t'
INFO: [Common 17-349] Got license for feature 'Implementation' and/or device 'xc7a35t'
INFO: [Common 17-83] Releasing license: Implementation
INFO: [DRC 23-27] Running DRC with 8 threads
INFO: [Vivado_Tcl 4-198] DRC finished with 0 Errors
INFO: [Vivado_Tcl 4-199] Please refer to the DRC report (report_drc) for more information.
Running DRC as a precondition to command place_design
INFO: [DRC 23-27] Running DRC with 8 threads
INFO: [Vivado_Tcl 4-198] DRC finished with 0 Errors
INFO: [Vivado_Tcl 4-199] Please refer to the DRC report (report_drc) for more information.
INFO: [Place 30-611] Multithreading enabled for place_design using a maximum of 8 CPUs

Starting Placer Task

Phase 1 Placer Initialization

Phase 1.1 Placer Initialization Netlist Sorting
Netlist sorting complete. Time (s): cpu = 00:00:00 ; elapsed = 00:00:00 . Memory (MB): peak = 3060.504 ; gain = 0.000 ; free physical = 9601 ; free virtual = 25481
Phase 1.1 Placer Initialization Netlist Sorting | Checksum: 2416b66d4

Time (s): cpu = 00:00:00 ; elapsed = 00:00:00 . Memory (MB): peak = 3060.504 ; gain = 0.000 ; free physical = 9601 ; free virtual = 25481
Netlist sorting complete. Time (s): cpu = 00:00:00 ; elapsed = 00:00:00 . Memory (MB): peak = 3060.504 ; gain = 0.000 ; free physical = 9601 ; free virtual = 25481

Phase 1.2 IO Placement/ Clock Placement/ Build Placer Device
INFO: [Timing 38-35] Done setting XDC timing constraints.
Phase 1.2 IO Placement/ Clock Placement/ Build Placer Device | Checksum: 1b45dff8c

Time (s): cpu = 00:00:00.75 ; elapsed = 00:00:00.18 . Memory (MB): peak = 3060.504 ; gain = 0.000 ; free physical = 9620 ; free virtual = 25503

Phase 1.3 Build Placer Netlist Model
Phase 1.3 Build Placer Netlist Model | Checksum: 27c0e9f40

Time (s): cpu = 00:00:02 ; elapsed = 00:00:00.49 . Memory (MB): peak = 3060.504 ; gain = 0.000 ; free physical = 9629 ; free virtual = 25509

Phase 1.4 Constrain Clocks/Macros
Phase 1.4 Constrain Clocks/Macros | Checksum: 27c0e9f40

Time (s): cpu = 00:00:02 ; elapsed = 00:00:00.5 . Memory (MB): peak = 3060.504 ; gain = 0.000 ; free physical = 9628 ; free virtual = 25508
Phase 1 Placer Initialization | Checksum: 27c0e9f40

Time (s): cpu = 00:00:02 ; elapsed = 00:00:00.5 . Memory (MB): peak = 3060.504 ; gain = 0.000 ; free physical = 9628 ; free virtual = 25508

Phase 2 Global Placement

Phase 2.1 Floorplanning
Phase 2.1 Floorplanning | Checksum: 201b60f3b

Time (s): cpu = 00:00:02 ; elapsed = 00:00:00.56 . Memory (MB): peak = 3060.504 ; gain = 0.000 ; free physical = 9613 ; free virtual = 25494

Phase 2.2 Update Timing before SLR Path Opt
Phase 2.2 Update Timing before SLR Path Opt | Checksum: 27a295902

Time (s): cpu = 00:00:02 ; elapsed = 00:00:00.59 . Memory (MB): peak = 3060.504 ; gain = 0.000 ; free physical = 9634 ; free virtual = 25515

Phase 2.3 Post-Processing in Floorplanning
Phase 2.3 Post-Processing in Floorplanning | Checksum: 27a295902

Time (s): cpu = 00:00:02 ; elapsed = 00:00:00.6 . Memory (MB): peak = 3060.504 ; gain = 0.000 ; free physical = 9634 ; free virtual = 25514

Phase 2.4 Global Place Phase1
Phase 2.4 Global Place Phase1 | Checksum: 21476b7ef

Time (s): cpu = 00:00:09 ; elapsed = 00:00:02 . Memory (MB): peak = 3060.504 ; gain = 0.000 ; free physical = 9641 ; free virtual = 25525

Phase 2.5 Global Place Phase2

Phase 2.5.1 UpdateTiming Before Physical Synthesis
Phase 2.5.1 UpdateTiming Before Physical Synthesis | Checksum: 21476b7ef

Time (s): cpu = 00:00:09 ; elapsed = 00:00:02 . Memory (MB): peak = 3060.504 ; gain = 0.000 ; free physical = 9763 ; free virtual = 25622

Phase 2.5.2 Physical Synthesis In Placer
INFO: [Physopt 32-1035] Found 0 LUTNM shape to break, 20 LUT instances to create LUTNM shape
INFO: [Physopt 32-1044] Break lutnm for timing: one critical 0, two critical 0, total 0, new lutff created 0
INFO: [Physopt 32-1138] End 1 Pass. Optimized 9 nets or LUTs. Breaked 0 LUT, combined 9 existing LUTs and moved 0 existing LUT
INFO: [Physopt 32-65] No nets found for high-fanout optimization.
INFO: [Physopt 32-232] Optimized 0 net. Created 0 new instance.
INFO: [Physopt 32-775] End 1 Pass. Optimized 0 net or cell. Created 0 new cell, deleted 0 existing cell and moved 0 existing cell
INFO: [Physopt 32-670] No setup violation found.  DSP Register Optimization was not performed.
INFO: [Physopt 32-670] No setup violation found.  Shift Register to Pipeline Optimization was not performed.
INFO: [Physopt 32-670] No setup violation found.  Shift Register Optimization was not performed.
INFO: [Physopt 32-670] No setup violation found.  BRAM Register Optimization was not performed.
INFO: [Physopt 32-670] No setup violation found.  URAM Register Optimization was not performed.
INFO: [Physopt 32-949] No candidate nets found for dynamic/static region interface net replication
INFO: [Physopt 32-775] End 1 Pass. Optimized 0 net or cell. Created 0 new cell, deleted 0 existing cell and moved 0 existing cell
Netlist sorting complete. Time (s): cpu = 00:00:00 ; elapsed = 00:00:00 . Memory (MB): peak = 3060.504 ; gain = 0.000 ; free physical = 9704 ; free virtual = 25565

Summary of Physical Synthesis Optimizations
============================================


-----------------------------------------------------------------------------------------------------------------------------------------------------------
|  Optimization                                     |  Added Cells  |  Removed Cells  |  Optimized Cells/Nets  |  Dont Touch  |  Iterations  |  Elapsed   |
-----------------------------------------------------------------------------------------------------------------------------------------------------------
|  LUT Combining                                    |            0  |              9  |                     9  |           0  |           1  |  00:00:00  |
|  Retime                                           |            0  |              0  |                     0  |           0  |           1  |  00:00:00  |
|  Very High Fanout                                 |            0  |              0  |                     0  |           0  |           1  |  00:00:00  |
|  DSP Register                                     |            0  |              0  |                     0  |           0  |           0  |  00:00:00  |
|  Shift Register to Pipeline                       |            0  |              0  |                     0  |           0  |           0  |  00:00:00  |
|  Shift Register                                   |            0  |              0  |                     0  |           0  |           0  |  00:00:00  |
|  BRAM Register                                    |            0  |              0  |                     0  |           0  |           0  |  00:00:00  |
|  URAM Register                                    |            0  |              0  |                     0  |           0  |           0  |  00:00:00  |
|  Dynamic/Static Region Interface Net Replication  |            0  |              0  |                     0  |           0  |           1  |  00:00:00  |
|  Total                                            |            0  |              9  |                     9  |           0  |           4  |  00:00:00  |
-----------------------------------------------------------------------------------------------------------------------------------------------------------


Phase 2.5.2 Physical Synthesis In Placer | Checksum: 29608ea3d

Time (s): cpu = 00:00:09 ; elapsed = 00:00:02 . Memory (MB): peak = 3060.504 ; gain = 0.000 ; free physical = 9717 ; free virtual = 25578
Phase 2.5 Global Place Phase2 | Checksum: 29aa5cd05

Time (s): cpu = 00:00:10 ; elapsed = 00:00:02 . Memory (MB): peak = 3060.504 ; gain = 0.000 ; free physical = 9721 ; free virtual = 25581
Phase 2 Global Placement | Checksum: 29aa5cd05

Time (s): cpu = 00:00:10 ; elapsed = 00:00:02 . Memory (MB): peak = 3060.504 ; gain = 0.000 ; free physical = 9721 ; free virtual = 25581

Phase 3 Detail Placement

Phase 3.1 Commit Multi Column Macros
Phase 3.1 Commit Multi Column Macros | Checksum: 2bb4bbd72

Time (s): cpu = 00:00:10 ; elapsed = 00:00:02 . Memory (MB): peak = 3060.504 ; gain = 0.000 ; free physical = 9720 ; free virtual = 25580

Phase 3.2 Commit Most Macros & LUTRAMs
Phase 3.2 Commit Most Macros & LUTRAMs | Checksum: 30553f65c

Time (s): cpu = 00:00:10 ; elapsed = 00:00:03 . Memory (MB): peak = 3060.504 ; gain = 0.000 ; free physical = 9719 ; free virtual = 25579

Phase 3.3 Area Swap Optimization
Phase 3.3 Area Swap Optimization | Checksum: 27417dd88

Time (s): cpu = 00:00:11 ; elapsed = 00:00:03 . Memory (MB): peak = 3060.504 ; gain = 0.000 ; free physical = 9719 ; free virtual = 25579

Phase 3.4 Pipeline Register Optimization
Phase 3.4 Pipeline Register Optimization | Checksum: 2e735b64e

Time (s): cpu = 00:00:11 ; elapsed = 00:00:03 . Memory (MB): peak = 3060.504 ; gain = 0.000 ; free physical = 9719 ; free virtual = 25579

Phase 3.5 Small Shape Detail Placement
Phase 3.5 Small Shape Detail Placement | Checksum: 284035b3f

Time (s): cpu = 00:00:11 ; elapsed = 00:00:03 . Memory (MB): peak = 3060.504 ; gain = 0.000 ; free physical = 9679 ; free virtual = 25575

Phase 3.6 Re-assign LUT pins
Phase 3.6 Re-assign LUT pins | Checksum: 28ec3616b

Time (s): cpu = 00:00:12 ; elapsed = 00:00:03 . Memory (MB): peak = 3060.504 ; gain = 0.000 ; free physical = 9620 ; free virtual = 25562

Phase 3.7 Pipeline Register Optimization
Phase 3.7 Pipeline Register Optimization | Checksum: 2de8bce25

Time (s): cpu = 00:00:12 ; elapsed = 00:00:03 . Memory (MB): peak = 3060.504 ; gain = 0.000 ; free physical = 9616 ; free virtual = 25557
Phase 3 Detail Placement | Checksum: 2de8bce25

Time (s): cpu = 00:00:12 ; elapsed = 00:00:03 . Memory (MB): peak = 3060.504 ; gain = 0.000 ; free physical = 9611 ; free virtual = 25555

Phase 4 Post Placement Optimization and Clean-Up

Phase 4.1 Post Commit Optimization
INFO: [Timing 38-35] Done setting XDC timing constraints.

Phase 4.1.1 Post Placement Optimization
Post Placement Optimization Initialization | Checksum: 28c031f12

Phase 4.1.1.1 BUFG Insertion

Starting Physical Synthesis Task

Phase 1 Physical Synthesis Initialization
INFO: [Physopt 32-721] Multithreading enabled for phys_opt_design using a maximum of 8 CPUs
INFO: [Physopt 32-619] Estimated Timing Summary | WNS=0.327 | TNS=0.000 |
Phase 1 Physical Synthesis Initialization | Checksum: 1a195203c

Time (s): cpu = 00:00:00.08 ; elapsed = 00:00:00.03 . Memory (MB): peak = 3060.504 ; gain = 0.000 ; free physical = 9511 ; free virtual = 25483
INFO: [Place 46-56] BUFG insertion identified 0 candidate nets. Inserted BUFG: 0, Replicated BUFG Driver: 0, Skipped due to Placement/Routing Conflicts: 0, Skipped due to Timing Degradation: 0, Skipped due to netlist editing failed: 0.
Ending Physical Synthesis Task | Checksum: 25936201a

Time (s): cpu = 00:00:00.13 ; elapsed = 00:00:00.05 . Memory (MB): peak = 3060.504 ; gain = 0.000 ; free physical = 9500 ; free virtual = 25482
Phase 4.1.1.1 BUFG Insertion | Checksum: 28c031f12

Time (s): cpu = 00:00:13 ; elapsed = 00:00:04 . Memory (MB): peak = 3060.504 ; gain = 0.000 ; free physical = 9500 ; free virtual = 25482

Phase 4.1.1.2 Post Placement Timing Optimization
INFO: [Place 30-746] Post Placement Timing Summary WNS=0.530. For the most accurate timing information please run report_timing.
Phase 4.1.1.2 Post Placement Timing Optimization | Checksum: 2d0f36bbf

Time (s): cpu = 00:00:13 ; elapsed = 00:00:04 . Memory (MB): peak = 3060.504 ; gain = 0.000 ; free physical = 9426 ; free virtual = 25478

Time (s): cpu = 00:00:13 ; elapsed = 00:00:04 . Memory (MB): peak = 3060.504 ; gain = 0.000 ; free physical = 9426 ; free virtual = 25478
Phase 4.1 Post Commit Optimization | Checksum: 2d0f36bbf

Time (s): cpu = 00:00:13 ; elapsed = 00:00:04 . Memory (MB): peak = 3060.504 ; gain = 0.000 ; free physical = 9430 ; free virtual = 25484

Phase 4.2 Post Placement Cleanup
Phase 4.2 Post Placement Cleanup | Checksum: 2d0f36bbf

Time (s): cpu = 00:00:13 ; elapsed = 00:00:04 . Memory (MB): peak = 3060.504 ; gain = 0.000 ; free physical = 9370 ; free virtual = 25479

Phase 4.3 Placer Reporting

Phase 4.3.1 Print Estimated Congestion
INFO: [Place 30-612] Post-Placement Estimated Congestion 
 ____________________________________________________
|           | Global Congestion | Short Congestion  |
| Direction | Region Size       | Region Size       |
|___________|___________________|___________________|
|      North|                1x1|                2x2|
|___________|___________________|___________________|
|      South|                1x1|                2x2|
|___________|___________________|___________________|
|       East|                1x1|                1x1|
|___________|___________________|___________________|
|       West|                1x1|                1x1|
|___________|___________________|___________________|

Phase 4.3.1 Print Estimated Congestion | Checksum: 2d0f36bbf

Time (s): cpu = 00:00:13 ; elapsed = 00:00:04 . Memory (MB): peak = 3060.504 ; gain = 0.000 ; free physical = 9308 ; free virtual = 25482
Phase 4.3 Placer Reporting | Checksum: 2d0f36bbf

Time (s): cpu = 00:00:13 ; elapsed = 00:00:04 . Memory (MB): peak = 3060.504 ; gain = 0.000 ; free physical = 9306 ; free virtual = 25479

Phase 4.4 Final Placement Cleanup
Netlist sorting complete. Time (s): cpu = 00:00:00 ; elapsed = 00:00:00 . Memory (MB): peak = 3060.504 ; gain = 0.000 ; free physical = 9306 ; free virtual = 25479

Time (s): cpu = 00:00:13 ; elapsed = 00:00:04 . Memory (MB): peak = 3060.504 ; gain = 0.000 ; free physical = 9306 ; free virtual = 25479
Phase 4 Post Placement Optimization and Clean-Up | Checksum: 20b944df0

Time (s): cpu = 00:00:13 ; elapsed = 00:00:04 . Memory (MB): peak = 3060.504 ; gain = 0.000 ; free physical = 9305 ; free virtual = 25478
Ending Placer Task | Checksum: 181b62fce

Time (s): cpu = 00:00:13 ; elapsed = 00:00:04 . Memory (MB): peak = 3060.504 ; gain = 0.000 ; free physical = 9277 ; free virtual = 25473
72 Infos, 0 Warnings, 0 Critical Warnings and 0 Errors encountered.
place_design completed successfully
INFO: [Vivado 12-24838] Running report commands "report_control_sets, report_io, report_utilization" in parallel.
Running report generation with 3 threads.
INFO: [Vivado 12-24828] Executing command : report_control_sets -verbose -file top_control_sets_placed.rpt
report_control_sets: Time (s): cpu = 00:00:00.07 ; elapsed = 00:00:00.06 . Memory (MB): peak = 3060.504 ; gain = 0.000 ; free physical = 8985 ; free virtual = 25458
INFO: [Vivado 12-24828] Executing command : report_io -file top_io_placed.rpt
report_io: Time (s): cpu = 00:00:00.08 ; elapsed = 00:00:00.1 . Memory (MB): peak = 3060.504 ; gain = 0.000 ; free physical = 8976 ; free virtual = 25460
INFO: [Vivado 12-24828] Executing command : report_utilization -file top_utilization_placed.rpt -pb top_utilization_placed.pb
INFO: [Timing 38-480] Writing timing data to binary archive.
Write ShapeDB Complete: Time (s): cpu = 00:00:00.04 ; elapsed = 00:00:00.01 . Memory (MB): peak = 3060.504 ; gain = 0.000 ; free physical = 8960 ; free virtual = 25463
Wrote PlaceDB: Time (s): cpu = 00:00:00.45 ; elapsed = 00:00:00.18 . Memory (MB): peak = 3060.504 ; gain = 0.000 ; free physical = 8925 ; free virtual = 25456
Wrote PulsedLatchDB: Time (s): cpu = 00:00:00 ; elapsed = 00:00:00 . Memory (MB): peak = 3060.504 ; gain = 0.000 ; free physical = 8925 ; free virtual = 25456
Writing XDEF routing.
Writing XDEF routing logical nets.
Writing XDEF routing special nets.
Wrote RouteStorage: Time (s): cpu = 00:00:00.01 ; elapsed = 00:00:00.01 . Memory (MB): peak = 3060.504 ; gain = 0.000 ; free physical = 8905 ; free virtual = 25457
Wrote Netlist Cache: Time (s): cpu = 00:00:00.01 ; elapsed = 00:00:00.01 . Memory (MB): peak = 3060.504 ; gain = 0.000 ; free physical = 8900 ; free virtual = 25459
Wrote Device Cache: Time (s): cpu = 00:00:00 ; elapsed = 00:00:00 . Memory (MB): peak = 3060.504 ; gain = 0.000 ; free physical = 8897 ; free virtual = 25459
Write Physdb Complete: Time (s): cpu = 00:00:00.47 ; elapsed = 00:00:00.2 . Memory (MB): peak = 3060.504 ; gain = 0.000 ; free physical = 8893 ; free virtual = 25460
INFO: [Common 17-1381] The checkpoint '/home/bram-laurens/SpaceInvaders_V2/SpaceInvaders_V2.runs/impl_1/top_placed.dcp' has been generated.
Command: phys_opt_design
Attempting to get a license for feature 'Implementation' and/or device 'xc7a35t'
INFO: [Common 17-349] Got license for feature 'Implementation' and/or device 'xc7a35t'

Starting Initial Update Timing Task

Time (s): cpu = 00:00:00.58 ; elapsed = 00:00:00.19 . Memory (MB): peak = 3060.504 ; gain = 0.000 ; free physical = 8712 ; free virtual = 25443
INFO: [Vivado_Tcl 4-2279] Estimated Timing Summary | WNS= 0.548 | TNS= 0.000 | 
INFO: [Vivado_Tcl 4-383] Design worst setup slack (WNS) is greater than or equal to 0.000 ns. All physical synthesis setup optimizations will be skipped.
INFO: [Vivado_Tcl 4-232] No setup violation found. The netlist was not modified.
INFO: [Common 17-83] Releasing license: Implementation
83 Infos, 0 Warnings, 0 Critical Warnings and 0 Errors encountered.
phys_opt_design completed successfully
INFO: [Timing 38-480] Writing timing data to binary archive.
Write ShapeDB Complete: Time (s): cpu = 00:00:00.04 ; elapsed = 00:00:00.01 . Memory (MB): peak = 3060.504 ; gain = 0.000 ; free physical = 8690 ; free virtual = 25442
Wrote PlaceDB: Time (s): cpu = 00:00:00.46 ; elapsed = 00:00:00.18 . Memory (MB): peak = 3060.504 ; gain = 0.000 ; free physical = 8618 ; free virtual = 25414
Wrote PulsedLatchDB: Time (s): cpu = 00:00:00 ; elapsed = 00:00:00 . Memory (MB): peak = 3060.504 ; gain = 0.000 ; free physical = 8618 ; free virtual = 25414
Writing XDEF routing.
Writing XDEF routing logical nets.
Writing XDEF routing special nets.
Wrote RouteStorage: Time (s): cpu = 00:00:00.01 ; elapsed = 00:00:00.01 . Memory (MB): peak = 3060.504 ; gain = 0.000 ; free physical = 8616 ; free virtual = 25415
Wrote Netlist Cache: Time (s): cpu = 00:00:00.01 ; elapsed = 00:00:00.01 . Memory (MB): peak = 3060.504 ; gain = 0.000 ; free physical = 8609 ; free virtual = 25414
Wrote Device Cache: Time (s): cpu = 00:00:00 ; elapsed = 00:00:00 . Memory (MB): peak = 3060.504 ; gain = 0.000 ; free physical = 8609 ; free virtual = 25415
Write Physdb Complete: Time (s): cpu = 00:00:00.48 ; elapsed = 00:00:00.21 . Memory (MB): peak = 3060.504 ; gain = 0.000 ; free physical = 8608 ; free virtual = 25414
INFO: [Common 17-1381] The checkpoint '/home/bram-laurens/SpaceInvaders_V2/SpaceInvaders_V2.runs/impl_1/top_physopt.dcp' has been generated.
Command: route_design
Attempting to get a license for feature 'Implementation' and/or device 'xc7a35t'
INFO: [Common 17-349] Got license for feature 'Implementation' and/or device 'xc7a35t'


Starting Routing Task
INFO: [Route 35-254] Multithreading enabled for route_design using a maximum of 8 CPUs

Phase 1 Build RT Design
Checksum: PlaceDB: bd8e9446 ConstDB: 0 ShapeSum: 23a63f31 RouteDB: a0815c57
Post Restoration Checksum: NetGraph: 86b84d7c | NumContArr: 8d66875d | Constraints: c2a8fa9d | Timing: c2a8fa9d
Phase 1 Build RT Design | Checksum: 29970ca13

Time (s): cpu = 00:00:09 ; elapsed = 00:00:07 . Memory (MB): peak = 3060.504 ; gain = 0.000 ; free physical = 7747 ; free virtual = 24660

Phase 2 Router Initialization

Phase 2.1 Fix Topology Constraints
Phase 2.1 Fix Topology Constraints | Checksum: 29970ca13

Time (s): cpu = 00:00:09 ; elapsed = 00:00:07 . Memory (MB): peak = 3060.504 ; gain = 0.000 ; free physical = 7746 ; free virtual = 24660

Phase 2.2 Pre Route Cleanup
Phase 2.2 Pre Route Cleanup | Checksum: 29970ca13

Time (s): cpu = 00:00:09 ; elapsed = 00:00:07 . Memory (MB): peak = 3060.504 ; gain = 0.000 ; free physical = 7746 ; free virtual = 24660
 Number of Nodes with overlaps = 0

Phase 2.3 Update Timing
Phase 2.3 Update Timing | Checksum: 21e01b420

Time (s): cpu = 00:00:11 ; elapsed = 00:00:08 . Memory (MB): peak = 3060.504 ; gain = 0.000 ; free physical = 7712 ; free virtual = 24628
INFO: [Route 35-416] Intermediate Timing Summary | WNS=0.681  | TNS=0.000  | WHS=-0.357 | THS=-10.168|


Phase 2.4 Soft Constraint Pins - Fast Budgeting
Phase 2.4 Soft Constraint Pins - Fast Budgeting | Checksum: 28aa8aad2

Time (s): cpu = 00:00:11 ; elapsed = 00:00:08 . Memory (MB): peak = 3060.504 ; gain = 0.000 ; free physical = 7701 ; free virtual = 24617

Router Utilization Summary
  Global Vertical Routing Utilization    = 0 %
  Global Horizontal Routing Utilization  = 0 %
  Routable Net Status*
  *Does not include unroutable nets such as driverless and loadless.
  Run report_route_status for detailed report.
  Number of Failed Nets               = 5337
    (Failed Nets is the sum of unrouted and partially routed nets)
  Number of Unrouted Nets             = 5337
  Number of Partially Routed Nets     = 0
  Number of Node Overlaps             = 0

Phase 2 Router Initialization | Checksum: 20e68119a

Time (s): cpu = 00:00:11 ; elapsed = 00:00:08 . Memory (MB): peak = 3060.504 ; gain = 0.000 ; free physical = 7686 ; free virtual = 24618

Phase 3 Global Routing
Phase 3 Global Routing | Checksum: 20e68119a

Time (s): cpu = 00:00:11 ; elapsed = 00:00:08 . Memory (MB): peak = 3060.504 ; gain = 0.000 ; free physical = 7685 ; free virtual = 24617

Phase 4 Initial Routing

Phase 4.1 Initial Net Routing Pass
Phase 4.1 Initial Net Routing Pass | Checksum: 21e28bd8d

Time (s): cpu = 00:00:12 ; elapsed = 00:00:08 . Memory (MB): peak = 3060.504 ; gain = 0.000 ; free physical = 7685 ; free virtual = 24617
Phase 4 Initial Routing | Checksum: 21e28bd8d

Time (s): cpu = 00:00:12 ; elapsed = 00:00:08 . Memory (MB): peak = 3060.504 ; gain = 0.000 ; free physical = 7685 ; free virtual = 24617

Phase 5 Rip-up And Reroute

Phase 5.1 Global Iteration 0
 Number of Nodes with overlaps = 236
 Number of Nodes with overlaps = 35
 Number of Nodes with overlaps = 24
 Number of Nodes with overlaps = 18
 Number of Nodes with overlaps = 9
 Number of Nodes with overlaps = 6
 Number of Nodes with overlaps = 3
 Number of Nodes with overlaps = 1
 Number of Nodes with overlaps = 0
INFO: [Route 35-416] Intermediate Timing Summary | WNS=0.214  | TNS=0.000  | WHS=N/A    | THS=N/A    |

Phase 5.1 Global Iteration 0 | Checksum: 1b77e043f

Time (s): cpu = 00:00:14 ; elapsed = 00:00:10 . Memory (MB): peak = 3060.504 ; gain = 0.000 ; free physical = 7873 ; free virtual = 24679
Phase 5 Rip-up And Reroute | Checksum: 1b77e043f

Time (s): cpu = 00:00:14 ; elapsed = 00:00:10 . Memory (MB): peak = 3060.504 ; gain = 0.000 ; free physical = 7873 ; free virtual = 24679

Phase 6 Delay and Skew Optimization

Phase 6.1 Delay CleanUp

Phase 6.1.1 Update Timing
Phase 6.1.1 Update Timing | Checksum: 2677d65da

Time (s): cpu = 00:00:15 ; elapsed = 00:00:10 . Memory (MB): peak = 3060.504 ; gain = 0.000 ; free physical = 7853 ; free virtual = 24675
INFO: [Route 35-416] Intermediate Timing Summary | WNS=0.222  | TNS=0.000  | WHS=N/A    | THS=N/A    |

Phase 6.1 Delay CleanUp | Checksum: 2677d65da

Time (s): cpu = 00:00:15 ; elapsed = 00:00:10 . Memory (MB): peak = 3060.504 ; gain = 0.000 ; free physical = 7853 ; free virtual = 24675

Phase 6.2 Clock Skew Optimization
Phase 6.2 Clock Skew Optimization | Checksum: 2677d65da

Time (s): cpu = 00:00:15 ; elapsed = 00:00:10 . Memory (MB): peak = 3060.504 ; gain = 0.000 ; free physical = 7853 ; free virtual = 24675
Phase 6 Delay and Skew Optimization | Checksum: 2677d65da

Time (s): cpu = 00:00:15 ; elapsed = 00:00:10 . Memory (MB): peak = 3060.504 ; gain = 0.000 ; free physical = 7853 ; free virtual = 24675

Phase 7 Post Hold Fix

Phase 7.1 Hold Fix Iter
INFO: [Route 35-416] Intermediate Timing Summary | WNS=0.222  | TNS=0.000  | WHS=0.110  | THS=0.000  |

Phase 7.1 Hold Fix Iter | Checksum: 282513439

Time (s): cpu = 00:00:15 ; elapsed = 00:00:10 . Memory (MB): peak = 3060.504 ; gain = 0.000 ; free physical = 7852 ; free virtual = 24674
Phase 7 Post Hold Fix | Checksum: 282513439

Time (s): cpu = 00:00:15 ; elapsed = 00:00:10 . Memory (MB): peak = 3060.504 ; gain = 0.000 ; free physical = 7852 ; free virtual = 24674

Phase 8 Route finalize

Router Utilization Summary
  Global Vertical Routing Utilization    = 2.59388 %
  Global Horizontal Routing Utilization  = 2.519 %
  Routable Net Status*
  *Does not include unroutable nets such as driverless and loadless.
  Run report_route_status for detailed report.
  Number of Failed Nets               = 0
    (Failed Nets is the sum of unrouted and partially routed nets)
  Number of Unrouted Nets             = 0
  Number of Partially Routed Nets     = 0
  Number of Node Overlaps             = 0

Phase 8 Route finalize | Checksum: 282513439

Time (s): cpu = 00:00:15 ; elapsed = 00:00:10 . Memory (MB): peak = 3060.504 ; gain = 0.000 ; free physical = 7855 ; free virtual = 24677

Phase 9 Verifying routed nets

 Verification completed successfully
Phase 9 Verifying routed nets | Checksum: 282513439

Time (s): cpu = 00:00:15 ; elapsed = 00:00:10 . Memory (MB): peak = 3060.504 ; gain = 0.000 ; free physical = 7854 ; free virtual = 24677

Phase 10 Depositing Routes
Phase 10 Depositing Routes | Checksum: 2a7d6af4b

Time (s): cpu = 00:00:15 ; elapsed = 00:00:10 . Memory (MB): peak = 3060.504 ; gain = 0.000 ; free physical = 7896 ; free virtual = 24678

Phase 11 Post Process Routing
Phase 11 Post Process Routing | Checksum: 2a7d6af4b

Time (s): cpu = 00:00:15 ; elapsed = 00:00:10 . Memory (MB): peak = 3060.504 ; gain = 0.000 ; free physical = 7896 ; free virtual = 24678

Phase 12 Post Router Timing
INFO: [Route 35-57] Estimated Timing Summary | WNS=0.222  | TNS=0.000  | WHS=0.110  | THS=0.000  |

INFO: [Route 35-327] The final timing numbers are based on the router estimated timing analysis. For a complete and accurate timing signoff, please run report_timing_summary.
Phase 12 Post Router Timing | Checksum: 2a7d6af4b

Time (s): cpu = 00:00:15 ; elapsed = 00:00:10 . Memory (MB): peak = 3060.504 ; gain = 0.000 ; free physical = 7896 ; free virtual = 24678
Total Elapsed time in route_design: 9.93 secs

Phase 13 Post-Route Event Processing
Phase 13 Post-Route Event Processing | Checksum: 126d22c38

Time (s): cpu = 00:00:15 ; elapsed = 00:00:10 . Memory (MB): peak = 3060.504 ; gain = 0.000 ; free physical = 7896 ; free virtual = 24678
INFO: [Route 35-16] Router Completed Successfully
Ending Routing Task | Checksum: 126d22c38

Time (s): cpu = 00:00:15 ; elapsed = 00:00:10 . Memory (MB): peak = 3060.504 ; gain = 0.000 ; free physical = 7896 ; free virtual = 24678

Routing Is Done.
INFO: [Common 17-83] Releasing license: Implementation
95 Infos, 0 Warnings, 0 Critical Warnings and 0 Errors encountered.
route_design completed successfully
route_design: Time (s): cpu = 00:00:15 ; elapsed = 00:00:10 . Memory (MB): peak = 3060.504 ; gain = 0.000 ; free physical = 7896 ; free virtual = 24678
INFO: [Vivado 12-24828] Executing command : report_drc -file top_drc_routed.rpt -pb top_drc_routed.pb -rpx top_drc_routed.rpx
Command: report_drc -file top_drc_routed.rpt -pb top_drc_routed.pb -rpx top_drc_routed.rpx
INFO: [IP_Flow 19-1839] IP Catalog is up to date.
INFO: [DRC 23-27] Running DRC with 8 threads
INFO: [Vivado_Tcl 2-168] The results of DRC are in file /home/bram-laurens/SpaceInvaders_V2/SpaceInvaders_V2.runs/impl_1/top_drc_routed.rpt.
report_drc completed successfully
INFO: [Vivado 12-24828] Executing command : report_methodology -file top_methodology_drc_routed.rpt -pb top_methodology_drc_routed.pb -rpx top_methodology_drc_routed.rpx
Command: report_methodology -file top_methodology_drc_routed.rpt -pb top_methodology_drc_routed.pb -rpx top_methodology_drc_routed.rpx
INFO: [Timing 38-35] Done setting XDC timing constraints.
INFO: [DRC 23-133] Running Methodology with 8 threads
INFO: [Vivado_Tcl 2-1520] The results of Report Methodology are in file /home/bram-laurens/SpaceInvaders_V2/SpaceInvaders_V2.runs/impl_1/top_methodology_drc_routed.rpt.
report_methodology completed successfully
INFO: [Vivado 12-24828] Executing command : report_timing_summary -max_paths 10 -routable_nets -report_unconstrained -file top_timing_summary_routed.rpt -pb top_timing_summary_routed.pb -rpx top_timing_summary_routed.rpx -warn_on_violation 
INFO: [Timing 38-35] Done setting XDC timing constraints.
INFO: [Timing 38-91] UpdateTimingParams: Speed grade: -1, Delay Type: min_max.
INFO: [Timing 38-191] Multithreading enabled for timing update using a maximum of 8 CPUs
INFO: [Vivado 12-24838] Running report commands "report_bus_skew, report_incremental_reuse, report_route_status" in parallel.
Running report generation with 3 threads.
INFO: [Vivado 12-24828] Executing command : report_incremental_reuse -file top_incremental_reuse_routed.rpt
INFO: [Vivado_Tcl 4-1062] Incremental flow is disabled. No incremental reuse Info to report.
INFO: [Vivado 12-24828] Executing command : report_route_status -file top_route_status.rpt -pb top_route_status.pb
INFO: [Vivado 12-24828] Executing command : report_bus_skew -warn_on_violation -file top_bus_skew_routed.rpt -pb top_bus_skew_routed.pb -rpx top_bus_skew_routed.rpx
INFO: [Timing 38-91] UpdateTimingParams: Speed grade: -1, Delay Type: min_max.
INFO: [Timing 38-191] Multithreading enabled for timing update using a maximum of 8 CPUs
INFO: [Vivado 12-24828] Executing command : report_power -file top_power_routed.rpt -pb top_power_summary_routed.pb -rpx top_power_routed.rpx
Command: report_power -file top_power_routed.rpt -pb top_power_summary_routed.pb -rpx top_power_routed.rpx
Running Vector-less Activity Propagation...

Finished Running Vector-less Activity Propagation
115 Infos, 0 Warnings, 0 Critical Warnings and 0 Errors encountered.
report_power completed successfully
INFO: [Vivado 12-24828] Executing command : report_clock_utilization -file top_clock_utilization_routed.rpt
INFO: [Timing 38-480] Writing timing data to binary archive.
Write ShapeDB Complete: Time (s): cpu = 00:00:00.03 ; elapsed = 00:00:00 . Memory (MB): peak = 3172.668 ; gain = 0.000 ; free physical = 7792 ; free virtual = 24593
Wrote PlaceDB: Time (s): cpu = 00:00:00.45 ; elapsed = 00:00:00.19 . Memory (MB): peak = 3172.668 ; gain = 0.000 ; free physical = 7791 ; free virtual = 24596
Wrote PulsedLatchDB: Time (s): cpu = 00:00:00 ; elapsed = 00:00:00 . Memory (MB): peak = 3172.668 ; gain = 0.000 ; free physical = 7791 ; free virtual = 24596
Writing XDEF routing.
Writing XDEF routing logical nets.
Writing XDEF routing special nets.
Wrote RouteStorage: Time (s): cpu = 00:00:00.05 ; elapsed = 00:00:00.03 . Memory (MB): peak = 3172.668 ; gain = 0.000 ; free physical = 7789 ; free virtual = 24595
Wrote Netlist Cache: Time (s): cpu = 00:00:00.01 ; elapsed = 00:00:00.01 . Memory (MB): peak = 3172.668 ; gain = 0.000 ; free physical = 7786 ; free virtual = 24593
Wrote Device Cache: Time (s): cpu = 00:00:00 ; elapsed = 00:00:00 . Memory (MB): peak = 3172.668 ; gain = 0.000 ; free physical = 7786 ; free virtual = 24594
Write Physdb Complete: Time (s): cpu = 00:00:00.51 ; elapsed = 00:00:00.23 . Memory (MB): peak = 3172.668 ; gain = 0.000 ; free physical = 7786 ; free virtual = 24594
INFO: [Common 17-1381] The checkpoint '/home/bram-laurens/SpaceInvaders_V2/SpaceInvaders_V2.runs/impl_1/top_routed.dcp' has been generated.
Command: write_bitstream -force top.bit
Attempting to get a license for feature 'Implementation' and/or device 'xc7a35t'
INFO: [Common 17-349] Got license for feature 'Implementation' and/or device 'xc7a35t'
Running DRC as a precondition to command write_bitstream
INFO: [IP_Flow 19-1839] IP Catalog is up to date.
INFO: [DRC 23-27] Running DRC with 8 threads
INFO: [Vivado 12-3199] DRC finished with 0 Errors
INFO: [Vivado 12-3200] Please refer to the DRC report (report_drc) for more information.
INFO: [Designutils 20-2272] Running write_bitstream with 8 threads.
Loading data files...
Loading site data...
Loading route data...
Processing options...
Creating bitmap...
Creating bitstream...
Writing bitstream ./top.bit...
INFO: [Vivado 12-1842] Bitgen Completed Successfully.
INFO: [Project 1-1876] WebTalk data collection is mandatory when using a ULT device. To see the specific WebTalk data collected for your design, open the usage_statistics_webtalk.html or usage_statistics_webtalk.xml file in the implementation directory.
INFO: [Common 17-83] Releasing license: Implementation
127 Infos, 0 Warnings, 0 Critical Warnings and 0 Errors encountered.
write_bitstream completed successfully
write_bitstream: Time (s): cpu = 00:00:11 ; elapsed = 00:00:25 . Memory (MB): peak = 3412.117 ; gain = 239.449 ; free physical = 7340 ; free virtual = 24347
INFO: [Common 17-206] Exiting Vivado at Tue Jan 13 20:00:50 2026...
