Copyright 1986-2022 Xilinx, Inc. All Rights Reserved. Copyright 2022-2025 Advanced Micro Devices, Inc. All Rights Reserved.
---------------------------------------------------------------------------------------------------------------------------------------------
| Tool Version : Vivado v.2025.1 (lin64) Build 6140274 Wed May 21 22:58:25 MDT 2025
| Date         : Wed Jan 28 20:48:56 2026
| Host         : bram-laurens-ROG-Zephyrus-G16-GU605MI running 64-bit Ubuntu 24.04.3 LTS
| Command      : report_control_sets -verbose -file top_control_sets_placed.rpt
| Design       : top
| Device       : xc7a35t
---------------------------------------------------------------------------------------------------------------------------------------------

Control Set Information

Table of Contents
-----------------
1. Summary
2. Histogram
3. Flip-Flop Distribution
4. Detailed Control Set Information

1. Summary
----------

+----------------------------------------------------------+-------+
|                          Status                          | Count |
+----------------------------------------------------------+-------+
| Total control sets                                       |    98 |
|    Minimum number of control sets                        |    98 |
|    Addition due to synthesis replication                 |     0 |
|    Addition due to physical synthesis replication        |     0 |
| Unused register locations in slices containing registers |   421 |
+----------------------------------------------------------+-------+
* Control sets can be merged at opt_design using control_set_merge or merge_equivalent_drivers
** Run report_qor_suggestions for automated merging and remapping suggestions


2. Histogram
------------

+--------------------+-------+
|       Fanout       | Count |
+--------------------+-------+
| Total control sets |    98 |
| >= 0 to < 4        |    34 |
| >= 4 to < 6        |     7 |
| >= 6 to < 8        |     5 |
| >= 8 to < 10       |     2 |
| >= 10 to < 12      |    11 |
| >= 12 to < 14      |     4 |
| >= 14 to < 16      |     4 |
| >= 16              |    31 |
+--------------------+-------+
* Control sets can be remapped at either synth_design or opt_design


3. Flip-Flop Distribution
-------------------------

+--------------+-----------------------+------------------------+-----------------+--------------+
| Clock Enable | Synchronous Set/Reset | Asynchronous Set/Reset | Total Registers | Total Slices |
+--------------+-----------------------+------------------------+-----------------+--------------+
| No           | No                    | No                     |            1024 |          471 |
| No           | No                    | Yes                    |               0 |            0 |
| No           | Yes                   | No                     |             293 |          116 |
| Yes          | No                    | No                     |             826 |          463 |
| Yes          | No                    | Yes                    |               0 |            0 |
| Yes          | Yes                   | No                     |             236 |           94 |
+--------------+-----------------------+------------------------+-----------------+--------------+


4. Detailed Control Set Information
-----------------------------------

+-----------------+--------------------------------------------------------------+--------------------------------------------------------------+------------------+----------------+--------------+
|   Clock Signal  |                         Enable Signal                        |                       Set/Reset Signal                       | Slice Load Count | Bel Load Count | Bels / Slice |
+-----------------+--------------------------------------------------------------+--------------------------------------------------------------+------------------+----------------+--------------+
| ~clk_IBUF_BUFG  | command_handler_inst/IC1/data_buffer[25]_i_1_n_0             |                                                              |                1 |              1 |         1.00 |
| ~clk_IBUF_BUFG  | command_handler_inst/IC1/data_buffer[1]_i_1_n_0              |                                                              |                1 |              1 |         1.00 |
| ~clk_IBUF_BUFG  | command_handler_inst/IC1/data_buffer[3]_i_1_n_0              |                                                              |                1 |              1 |         1.00 |
| ~clk_IBUF_BUFG  | command_handler_inst/IC1/data_buffer[5]_i_1_n_0              |                                                              |                1 |              1 |         1.00 |
| ~clk_IBUF_BUFG  | command_handler_inst/IC1/data_buffer[17]_i_1_n_0             |                                                              |                1 |              1 |         1.00 |
| ~clk_IBUF_BUFG  | command_handler_inst/IC1/data_buffer[20]_i_1_n_0             |                                                              |                1 |              1 |         1.00 |
| ~clk_IBUF_BUFG  | command_handler_inst/IC1/data_buffer[10]_i_1_n_0             |                                                              |                1 |              1 |         1.00 |
| ~clk_IBUF_BUFG  | command_handler_inst/IC1/data_buffer[22]_i_1_n_0             |                                                              |                1 |              1 |         1.00 |
| ~clk_IBUF_BUFG  | command_handler_inst/IC1/data_buffer[27]_i_1_n_0             |                                                              |                1 |              1 |         1.00 |
| ~clk_IBUF_BUFG  | command_handler_inst/IC1/data_buffer[24]_i_1_n_0             |                                                              |                1 |              1 |         1.00 |
| ~clk_IBUF_BUFG  | command_handler_inst/IC1/data_buffer[8]_i_1_n_0              |                                                              |                1 |              1 |         1.00 |
| ~clk_IBUF_BUFG  | command_handler_inst/IC1/data_buffer[30]_i_1_n_0             |                                                              |                1 |              1 |         1.00 |
| ~clk_IBUF_BUFG  | command_handler_inst/IC1/data_buffer[29]_i_1_n_0             |                                                              |                1 |              1 |         1.00 |
| ~clk_IBUF_BUFG  | command_handler_inst/IC1/data_buffer[19]_i_1_n_0             |                                                              |                1 |              1 |         1.00 |
| ~clk_IBUF_BUFG  | command_handler_inst/IC1/data_buffer[26]_i_1_n_0             |                                                              |                1 |              1 |         1.00 |
| ~clk_IBUF_BUFG  | command_handler_inst/IC1/data_buffer[28]_i_1_n_0             |                                                              |                1 |              1 |         1.00 |
| ~clk_IBUF_BUFG  | command_handler_inst/IC1/data_buffer[9]_i_1_n_0              |                                                              |                1 |              1 |         1.00 |
| ~clk_IBUF_BUFG  | command_handler_inst/IC1/data_buffer[12]_i_1_n_0             |                                                              |                1 |              1 |         1.00 |
| ~clk_IBUF_BUFG  | command_handler_inst/IC1/data_buffer[13]_i_1_n_0             |                                                              |                1 |              1 |         1.00 |
| ~clk_IBUF_BUFG  | command_handler_inst/IC1/data_buffer[7]_i_1_n_0              |                                                              |                1 |              1 |         1.00 |
| ~clk_IBUF_BUFG  | command_handler_inst/IC1/data_buffer[2]_i_1_n_0              |                                                              |                1 |              1 |         1.00 |
| ~clk_IBUF_BUFG  | command_handler_inst/IC1/data_buffer[23]_i_1_n_0             |                                                              |                1 |              1 |         1.00 |
| ~clk_IBUF_BUFG  | command_handler_inst/IC1/data_buffer[18]_i_1_n_0             |                                                              |                1 |              1 |         1.00 |
| ~clk_IBUF_BUFG  | command_handler_inst/IC1/data_buffer[16]_i_1_n_0             |                                                              |                1 |              1 |         1.00 |
| ~clk_IBUF_BUFG  | command_handler_inst/IC1/data_buffer[15]_i_1_n_0             |                                                              |                1 |              1 |         1.00 |
| ~clk_IBUF_BUFG  | command_handler_inst/IC1/data_buffer[11]_i_1_n_0             |                                                              |                1 |              1 |         1.00 |
| ~clk_IBUF_BUFG  | command_handler_inst/IC1/data_buffer[14]_i_1_n_0             |                                                              |                1 |              1 |         1.00 |
| ~clk_IBUF_BUFG  | command_handler_inst/IC1/data_buffer[0]_i_1_n_0              |                                                              |                1 |              1 |         1.00 |
| ~clk_IBUF_BUFG  | command_handler_inst/IC1/data_buffer[31]_i_1_n_0             |                                                              |                1 |              1 |         1.00 |
| ~clk_IBUF_BUFG  | command_handler_inst/IC1/data_buffer[4]_i_1_n_0              |                                                              |                1 |              1 |         1.00 |
| ~clk_IBUF_BUFG  | command_handler_inst/IC1/data_buffer[6]_i_1_n_0              |                                                              |                1 |              1 |         1.00 |
| ~clk_IBUF_BUFG  | command_handler_inst/IC1/data_buffer[21]_i_1_n_0             |                                                              |                1 |              1 |         1.00 |
| ~clk_IBUF_BUFG  |                                                              |                                                              |                1 |              3 |         3.00 |
|  clk25_out_BUFG | vga_timing_inst/v_cnt                                        | vga_timing_inst/v_cnt[9]_i_1_n_0                             |                2 |              3 |         1.50 |
|  clk25_out_BUFG |                                                              | bram_addr_cnt[3]_i_1_n_0                                     |                1 |              4 |         4.00 |
|  clk_IBUF_BUFG  | command_handler_inst/IC1/E[0]                                |                                                              |                2 |              4 |         2.00 |
|  clk25_out_BUFG | vga_timing_inst/game_instances[0][x][9]_i_5_0[0]             | vga_timing_inst/SR[0]                                        |                2 |              4 |         2.00 |
|  clk25_out_BUFG | vga_timing_inst/game_instances[53][x][9]_i_1_0               | vga_timing_inst/bbstub_doutb[3]                              |                2 |              4 |         2.00 |
|  clk25_out_BUFG | vga_timing_inst/game_instances[53][x][9]_i_1_0               | vga_timing_inst/bbstub_doutb[3]_0                            |                2 |              4 |         2.00 |
|  clk25_out_BUFG |                                                              | tmp[43][x]0_in[6]                                            |                2 |              5 |         2.50 |
|  clk_IBUF_BUFG  |                                                              |                                                              |                2 |              5 |         2.50 |
|  clk25_out_BUFG |                                                              | render_instances[46][sprite_id][5]_i_1_n_0                   |                2 |              6 |         3.00 |
|  clk25_out_BUFG |                                                              | vga_timing_inst/v_cnt_reg[9]_1                               |                3 |              6 |         2.00 |
|  clk25_out_BUFG | vga_timing_inst/v_cnt                                        |                                                              |                2 |              6 |         3.00 |
|  clk25_out_BUFG | vga_timing_inst/game_instances[0][x][9]_i_5_0[1]             | vga_timing_inst/SR[1]                                        |                4 |              6 |         1.50 |
|  clk25_out_BUFG | vga_timing_inst/v_cnt_reg[9]_2                               | vga_timing_inst/v_cnt_reg[7]_0                               |                4 |              7 |         1.75 |
|  clk25_out_BUFG | vga_timing_inst/tmp[53][visible]                             | vga_timing_inst/bbstub_doutb[0]                              |                5 |              9 |         1.80 |
|  clk25_out_BUFG | vga_timing_inst/p_2_in0_in                                   |                                                              |                3 |              9 |         3.00 |
|  clk25_out_BUFG |                                                              | vga_timing_inst/v_cnt                                        |                3 |             10 |         3.33 |
|  clk25_out_BUFG | vga_timing_inst/game_instances[6][x][9]_i_4_2[0]             | vga_timing_inst/game_instances[6][x][9]_i_4_3[0]             |                3 |             10 |         3.33 |
|  clk25_out_BUFG | vga_timing_inst/game_instances[6][x][9]_i_4_0[0]             | vga_timing_inst/game_instances[6][x][9]_i_4_1[0]             |                4 |             10 |         2.50 |
|  clk25_out_BUFG | vga_timing_inst/game_instances[36][x][9]_i_3_0[0]            | vga_timing_inst/game_instances[0][x][9]_i_5_3[0]             |                5 |             10 |         2.00 |
|  clk25_out_BUFG | vga_timing_inst/game_instances[26][x][9]_i_3_0[0]            | vga_timing_inst/game_instances[0][x][9]_i_5_4[0]             |                5 |             10 |         2.00 |
|  clk25_out_BUFG | vga_timing_inst/game_instances[1][x][9]_i_4_0[0]             | vga_timing_inst/game_instances[1][x][9]_i_4_1[0]             |                3 |             10 |         3.33 |
|  clk25_out_BUFG | vga_timing_inst/game_instances[12][x][9]_i_3_0[0]            | vga_timing_inst/game_instances[12][x][9]_i_3_1[0]            |                2 |             10 |         5.00 |
|  clk25_out_BUFG | vga_timing_inst/game_instances[0][x][9]_i_6_0[0]             | vga_timing_inst/game_instances[0][x][9]_i_5_5[0]             |                6 |             10 |         1.67 |
|  clk25_out_BUFG | vga_timing_inst/game_instances[0][x][9]_i_5_2[0]             | vga_timing_inst/game_instances[0][x][9]_i_5_1[0]             |                4 |             10 |         2.50 |
|  clk25_out_BUFG | vga_timing_inst/game_instances[1][x][9]_i_4_2[0]             | vga_timing_inst/game_instances[1][x][9]_i_4_3[0]             |                4 |             10 |         2.50 |
|  clk25_out_BUFG | vga_timing_inst/p_2_in0_in__0                                |                                                              |                3 |             10 |         3.33 |
|  clk25_out_BUFG | vga_timing_inst/tmp[30][visible]19_out                       |                                                              |                7 |             12 |         1.71 |
|  clk25_out_BUFG | vga_timing_inst/tmp[36][visible]38_out                       |                                                              |                5 |             12 |         2.40 |
|  clk25_out_BUFG |                                                              | VGA_R[3]_i_1_n_0                                             |                5 |             12 |         2.40 |
|  clk25_out_BUFG | vga_timing_inst/game_instances[53][x][9]_i_1_0               | vga_timing_inst/bbstub_doutb[0]_0                            |                7 |             13 |         1.86 |
|  clk25_out_BUFG |                                                              | tmp[50][y]                                                   |                7 |             14 |         2.00 |
|  clk25_out_BUFG | vga_timing_inst/tmp[53][visible]                             |                                                              |                9 |             14 |         1.56 |
|  clk25_out_BUFG | vga_timing_inst/tmp[42][y]                                   |                                                              |                8 |             14 |         1.75 |
|  clk25_out_BUFG | vga_timing_inst/E[0]                                         |                                                              |                7 |             14 |         2.00 |
|  clk25_out_BUFG | vga_timing_inst/game_instances[53][x][9]_i_1_0               |                                                              |               14 |             21 |         1.50 |
|  clk25_out_BUFG |                                                              | tmp[48][y]                                                   |               11 |             22 |         2.00 |
|  clk25_out_BUFG | vga_timing_inst/tmp[26][visible]7_out                        |                                                              |               13 |             22 |         1.69 |
|  clk25_out_BUFG | vga_timing_inst/tmp[27][visible]10_out                       |                                                              |               12 |             22 |         1.83 |
|  clk25_out_BUFG | vga_timing_inst/tmp[28][visible]13_out                       |                                                              |               16 |             22 |         1.38 |
|  clk25_out_BUFG | vga_timing_inst/tmp[29][visible]16_out                       |                                                              |               14 |             22 |         1.57 |
|  clk25_out_BUFG | vga_timing_inst/tmp[32][visible]26_out                       |                                                              |               15 |             22 |         1.47 |
|  clk25_out_BUFG | vga_timing_inst/tmp[33][visible]29_out                       |                                                              |                7 |             22 |         3.14 |
|  clk25_out_BUFG | vga_timing_inst/tmp[34][visible]32_out                       |                                                              |                8 |             22 |         2.75 |
|  clk25_out_BUFG | vga_timing_inst/tmp[35][visible]35_out                       |                                                              |               10 |             22 |         2.20 |
|  clk25_out_BUFG | vga_timing_inst/tmp[37][visible]41_out                       |                                                              |               14 |             22 |         1.57 |
|  clk25_out_BUFG | vga_timing_inst/tmp[31][visible]23_out                       |                                                              |               13 |             22 |         1.69 |
|  clk25_out_BUFG | vga_timing_inst/tmp[38][visible]44_out                       |                                                              |               11 |             22 |         2.00 |
|  clk25_out_BUFG |                                                              | tmp[50][x]0_in[9]                                            |               11 |             23 |         2.09 |
|  clk25_out_BUFG | vga_timing_inst/tmp[25][visible]                             |                                                              |               12 |             25 |         2.08 |
|  clk25_out_BUFG |                                                              | tmp[43][x]0_in[9]                                            |               18 |             27 |         1.50 |
|  clk_IBUF_BUFG  |                                                              | command_handler_inst/IC1/H_stand_reg[2]_0                    |                7 |             29 |         4.14 |
| ~clk_IBUF_BUFG  | command_handler_inst/IC1/bit_cycle_current                   | command_handler_inst/IC1/bit_cycle_current[31]_i_1_n_0       |                6 |             32 |         5.33 |
| ~clk_IBUF_BUFG  | command_handler_inst/IC1/data_out_hold_0                     |                                                              |               13 |             32 |         2.46 |
| ~clk_IBUF_BUFG  | command_handler_inst/IC1/teller0_inferred__0/i__carry__2_n_0 | command_handler_inst/IC1/bit_current[0]_i_1_n_0              |                8 |             32 |         4.00 |
| ~clk_IBUF_BUFG  |                                                              | command_handler_inst/IC1/teller0_inferred__0/i__carry__2_n_0 |                8 |             32 |         4.00 |
|  clk25_out_BUFG | vga_timing_inst/game_instances_reg[1][x][9]_i_3_0            | vga_timing_inst/v_cnt_reg[7]_0                               |               16 |             32 |         2.00 |
|  clk25_out_BUFG |                                                              | render_instances[51][x][9]_i_1_n_0                           |               19 |             37 |         1.95 |
|  clk25_out_BUFG | vga_timing_inst/v_cnt_reg[9]_2                               |                                                              |               26 |             54 |         2.08 |
|  clk25_out_BUFG | vga_timing_inst/tmp[44][x]                                   |                                                              |               37 |             64 |         1.73 |
|  clk25_out_BUFG |                                                              | game_over_active                                             |               19 |             66 |         3.47 |
|  clk25_out_BUFG | vga_timing_inst/tmp[7][visible]                              |                                                              |               38 |             70 |         1.84 |
|  clk25_out_BUFG | vga_timing_inst/tmp[13][visible]                             |                                                              |               40 |             70 |         1.75 |
|  clk25_out_BUFG | vga_timing_inst/tmp[19][visible]                             |                                                              |               41 |             70 |         1.71 |
|  clk25_out_BUFG | vga_timing_inst/tmp[1][visible]                              |                                                              |               37 |             70 |         1.89 |
|  clk25_out_BUFG |                                                              |                                                              |              468 |           1041 |         2.22 |
+-----------------+--------------------------------------------------------------+--------------------------------------------------------------+------------------+----------------+--------------+


