Copyright 1986-2022 Xilinx, Inc. All Rights Reserved. Copyright 2022-2025 Advanced Micro Devices, Inc. All Rights Reserved.
---------------------------------------------------------------------------------------------------------------------------------------------
| Tool Version : Vivado v.2025.1 (lin64) Build 6140274 Wed May 21 22:58:25 MDT 2025
| Date         : Tue Jan 27 11:34:34 2026
| Host         : bram-laurens-ROG-Zephyrus-G16-GU605MI running 64-bit Ubuntu 24.04.3 LTS
| Command      : report_control_sets -verbose -file top_control_sets_placed.rpt
| Design       : top
| Device       : xc7a35t
---------------------------------------------------------------------------------------------------------------------------------------------

Control Set Information

Table of Contents
-----------------
1. Summary
2. Histogram
3. Flip-Flop Distribution
4. Detailed Control Set Information

1. Summary
----------

+----------------------------------------------------------+-------+
|                          Status                          | Count |
+----------------------------------------------------------+-------+
| Total control sets                                       |    87 |
|    Minimum number of control sets                        |    87 |
|    Addition due to synthesis replication                 |     0 |
|    Addition due to physical synthesis replication        |     0 |
| Unused register locations in slices containing registers |   425 |
+----------------------------------------------------------+-------+
* Control sets can be merged at opt_design using control_set_merge or merge_equivalent_drivers
** Run report_qor_suggestions for automated merging and remapping suggestions


2. Histogram
------------

+--------------------+-------+
|       Fanout       | Count |
+--------------------+-------+
| Total control sets |    87 |
| >= 0 to < 4        |    34 |
| >= 4 to < 6        |     9 |
| >= 6 to < 8        |     3 |
| >= 8 to < 10       |     1 |
| >= 10 to < 12      |    10 |
| >= 12 to < 14      |     3 |
| >= 14 to < 16      |     1 |
| >= 16              |    26 |
+--------------------+-------+
* Control sets can be remapped at either synth_design or opt_design


3. Flip-Flop Distribution
-------------------------

+--------------+-----------------------+------------------------+-----------------+--------------+
| Clock Enable | Synchronous Set/Reset | Asynchronous Set/Reset | Total Registers | Total Slices |
+--------------+-----------------------+------------------------+-----------------+--------------+
| No           | No                    | No                     |             221 |          115 |
| No           | No                    | Yes                    |               0 |            0 |
| No           | Yes                   | No                     |              94 |           31 |
| Yes          | No                    | No                     |             894 |          455 |
| Yes          | No                    | Yes                    |               0 |            0 |
| Yes          | Yes                   | No                     |             246 |          100 |
+--------------+-----------------------+------------------------+-----------------+--------------+


4. Detailed Control Set Information
-----------------------------------

+-----------------+--------------------------------------------------------------+--------------------------------------------------------------+------------------+----------------+--------------+
|   Clock Signal  |                         Enable Signal                        |                       Set/Reset Signal                       | Slice Load Count | Bel Load Count | Bels / Slice |
+-----------------+--------------------------------------------------------------+--------------------------------------------------------------+------------------+----------------+--------------+
| ~clk_IBUF_BUFG  | command_handler_inst/IC1/data_buffer[1]_i_1_n_0              |                                                              |                1 |              1 |         1.00 |
| ~clk_IBUF_BUFG  | command_handler_inst/IC1/data_buffer[25]_i_1_n_0             |                                                              |                1 |              1 |         1.00 |
| ~clk_IBUF_BUFG  | command_handler_inst/IC1/data_buffer[24]_i_1_n_0             |                                                              |                1 |              1 |         1.00 |
| ~clk_IBUF_BUFG  | command_handler_inst/IC1/data_buffer[23]_i_1_n_0             |                                                              |                1 |              1 |         1.00 |
| ~clk_IBUF_BUFG  | command_handler_inst/IC1/data_buffer[21]_i_1_n_0             |                                                              |                1 |              1 |         1.00 |
| ~clk_IBUF_BUFG  | command_handler_inst/IC1/data_buffer[8]_i_1_n_0              |                                                              |                1 |              1 |         1.00 |
| ~clk_IBUF_BUFG  | command_handler_inst/IC1/data_buffer[9]_i_1_n_0              |                                                              |                1 |              1 |         1.00 |
| ~clk_IBUF_BUFG  | command_handler_inst/IC1/data_buffer[20]_i_1_n_0             |                                                              |                1 |              1 |         1.00 |
| ~clk_IBUF_BUFG  | command_handler_inst/IC1/data_buffer[15]_i_1_n_0             |                                                              |                1 |              1 |         1.00 |
| ~clk_IBUF_BUFG  | command_handler_inst/IC1/data_buffer[26]_i_1_n_0             |                                                              |                1 |              1 |         1.00 |
| ~clk_IBUF_BUFG  | command_handler_inst/IC1/data_buffer[12]_i_1_n_0             |                                                              |                1 |              1 |         1.00 |
| ~clk_IBUF_BUFG  | command_handler_inst/IC1/data_buffer[22]_i_1_n_0             |                                                              |                1 |              1 |         1.00 |
| ~clk_IBUF_BUFG  | command_handler_inst/IC1/data_buffer[18]_i_1_n_0             |                                                              |                1 |              1 |         1.00 |
| ~clk_IBUF_BUFG  | command_handler_inst/IC1/data_buffer[10]_i_1_n_0             |                                                              |                1 |              1 |         1.00 |
| ~clk_IBUF_BUFG  | command_handler_inst/IC1/data_buffer[13]_i_1_n_0             |                                                              |                1 |              1 |         1.00 |
| ~clk_IBUF_BUFG  | command_handler_inst/IC1/data_buffer[0]_i_1_n_0              |                                                              |                1 |              1 |         1.00 |
| ~clk_IBUF_BUFG  | command_handler_inst/IC1/data_buffer[11]_i_1_n_0             |                                                              |                1 |              1 |         1.00 |
| ~clk_IBUF_BUFG  | command_handler_inst/IC1/data_buffer[5]_i_1_n_0              |                                                              |                1 |              1 |         1.00 |
| ~clk_IBUF_BUFG  | command_handler_inst/IC1/data_buffer[17]_i_1_n_0             |                                                              |                1 |              1 |         1.00 |
| ~clk_IBUF_BUFG  | command_handler_inst/IC1/data_buffer[14]_i_1_n_0             |                                                              |                1 |              1 |         1.00 |
| ~clk_IBUF_BUFG  | command_handler_inst/IC1/data_buffer[16]_i_1_n_0             |                                                              |                1 |              1 |         1.00 |
| ~clk_IBUF_BUFG  | command_handler_inst/IC1/data_buffer[19]_i_1_n_0             |                                                              |                1 |              1 |         1.00 |
| ~clk_IBUF_BUFG  | command_handler_inst/IC1/data_buffer[7]_i_1_n_0              |                                                              |                1 |              1 |         1.00 |
| ~clk_IBUF_BUFG  | command_handler_inst/IC1/data_buffer[3]_i_1_n_0              |                                                              |                1 |              1 |         1.00 |
| ~clk_IBUF_BUFG  | command_handler_inst/IC1/data_buffer[27]_i_1_n_0             |                                                              |                1 |              1 |         1.00 |
| ~clk_IBUF_BUFG  | command_handler_inst/IC1/data_buffer[6]_i_1_n_0              |                                                              |                1 |              1 |         1.00 |
| ~clk_IBUF_BUFG  | command_handler_inst/IC1/data_buffer[4]_i_1_n_0              |                                                              |                1 |              1 |         1.00 |
| ~clk_IBUF_BUFG  | command_handler_inst/IC1/data_buffer[28]_i_1_n_0             |                                                              |                1 |              1 |         1.00 |
| ~clk_IBUF_BUFG  | command_handler_inst/IC1/data_buffer[31]_i_1_n_0             |                                                              |                1 |              1 |         1.00 |
| ~clk_IBUF_BUFG  | command_handler_inst/IC1/data_buffer[30]_i_1_n_0             |                                                              |                1 |              1 |         1.00 |
| ~clk_IBUF_BUFG  | command_handler_inst/IC1/data_buffer[2]_i_1_n_0              |                                                              |                1 |              1 |         1.00 |
| ~clk_IBUF_BUFG  | command_handler_inst/IC1/data_buffer[29]_i_1_n_0             |                                                              |                1 |              1 |         1.00 |
| ~clk_IBUF_BUFG  |                                                              |                                                              |                2 |              3 |         1.50 |
|  clk25_out_BUFG | vga_timing_inst/v_cnt                                        | vga_timing_inst/v_cnt[9]_i_1_n_0                             |                2 |              3 |         1.50 |
|  clk_IBUF_BUFG  | command_handler_inst/IC1/E[0]                                |                                                              |                1 |              4 |         4.00 |
|  clk25_out_BUFG | vga_timing_inst/tmp[53][visible]                             | vga_timing_inst/bbstub_doutb[0]_0                            |                2 |              4 |         2.00 |
|  clk25_out_BUFG | vga_timing_inst/game_instances[0][x][9]_i_8_0[0]             | vga_timing_inst/SR[0]                                        |                2 |              4 |         2.00 |
|  clk25_out_BUFG | vga_timing_inst/tmp[55][visible]                             | vga_timing_inst/bbstub_doutb[3]_0                            |                3 |              4 |         1.33 |
|  clk25_out_BUFG | vga_timing_inst/tmp[55][visible]                             | vga_timing_inst/bbstub_doutb[3]                              |                2 |              4 |         2.00 |
|  clk25_out_BUFG | vga_timing_inst/tmp[55][visible]                             | vga_timing_inst/bbstub_doutb[0]_2                            |                2 |              4 |         2.00 |
|  clk25_out_BUFG | vga_timing_inst/tmp[55][visible]                             | vga_timing_inst/bbstub_doutb[0]_1                            |                2 |              4 |         2.00 |
|  clk25_out_BUFG |                                                              | bram_addr_cnt[3]_i_1_n_0                                     |                1 |              4 |         4.00 |
|  clk_IBUF_BUFG  |                                                              |                                                              |                3 |              5 |         1.67 |
|  clk25_out_BUFG | vga_timing_inst/game_instances[0][x][9]_i_8_0[1]             | vga_timing_inst/SR[1]                                        |                2 |              6 |         3.00 |
|  clk25_out_BUFG | vga_timing_inst/v_cnt                                        |                                                              |                2 |              6 |         3.00 |
|  clk25_out_BUFG |                                                              | vga_timing_inst/v_cnt_reg[9]_1                               |                3 |              7 |         2.33 |
|  clk25_out_BUFG | vga_timing_inst/tmp[53][visible]                             |                                                              |                7 |              9 |         1.29 |
|  clk25_out_BUFG |                                                              | vga_timing_inst/v_cnt                                        |                4 |             10 |         2.50 |
|  clk25_out_BUFG | vga_timing_inst/v_cnt_reg[9]_5[0]                            | vga_timing_inst/game_instances[0][x][9]_i_7_5[0]             |                4 |             10 |         2.50 |
|  clk25_out_BUFG | vga_timing_inst/E[0]                                         | vga_timing_inst/game_instances[0][x][9]_i_7_0[0]             |                3 |             10 |         3.33 |
|  clk25_out_BUFG | vga_timing_inst/bbstub_doutb[0][0]                           | vga_timing_inst/game_instances_reg[0][x][9]_i_6_2[0]         |                4 |             10 |         2.50 |
|  clk25_out_BUFG | vga_timing_inst/game_instances[0][x][9]_i_8_1[0]             | vga_timing_inst/game_instances_reg[0][x][9]_i_6_0[0]         |                3 |             10 |         3.33 |
|  clk25_out_BUFG | vga_timing_inst/game_instances[13][x][9]_i_2_0[0]            | vga_timing_inst/game_instances[0][x][9]_i_7_2[0]             |                5 |             10 |         2.00 |
|  clk25_out_BUFG | vga_timing_inst/game_instances[1][x][9]_i_5_0[0]             | vga_timing_inst/game_instances[0][x][9]_i_7_1[0]             |                6 |             10 |         1.67 |
|  clk25_out_BUFG | vga_timing_inst/game_instances[1][x][9]_i_5_1[0]             | vga_timing_inst/game_instances[0][x][9]_i_7_3[0]             |                5 |             10 |         2.00 |
|  clk25_out_BUFG | vga_timing_inst/game_instances[36][y][9]_i_1_0[0]            | vga_timing_inst/game_instances_reg[0][x][9]_i_6_1[0]         |                4 |             10 |         2.50 |
|  clk25_out_BUFG | vga_timing_inst/v_cnt_reg[9]_3[0]                            | vga_timing_inst/game_instances[0][x][9]_i_7_4[0]             |                3 |             10 |         3.33 |
|  clk25_out_BUFG |                                                              | VGA_R[3]_i_1_n_0                                             |                6 |             12 |         2.00 |
|  clk25_out_BUFG | vga_timing_inst/tmp[36][visible]37_out                       |                                                              |                8 |             12 |         1.50 |
|  clk25_out_BUFG | vga_timing_inst/tmp[30][visible]18_out                       |                                                              |                6 |             12 |         2.00 |
|  clk25_out_BUFG | vga_timing_inst/v_cnt_reg[7]_1[0]                            |                                                              |                9 |             14 |         1.56 |
|  clk25_out_BUFG | vga_timing_inst/tmp[55][visible]                             |                                                              |               11 |             17 |         1.55 |
|  clk25_out_BUFG | vga_timing_inst/tmp[50][x]                                   | vga_timing_inst/v_cnt_reg[7]_0                               |               10 |             17 |         1.70 |
|  clk25_out_BUFG | vga_timing_inst/tmp[32][visible]25_out                       |                                                              |               10 |             22 |         2.20 |
|  clk25_out_BUFG | vga_timing_inst/tmp[27][visible]9_out                        |                                                              |               10 |             22 |         2.20 |
|  clk25_out_BUFG | vga_timing_inst/tmp[33][visible]28_out                       |                                                              |               10 |             22 |         2.20 |
|  clk25_out_BUFG | vga_timing_inst/tmp[34][visible]31_out                       |                                                              |               11 |             22 |         2.00 |
|  clk25_out_BUFG | vga_timing_inst/tmp[35][visible]34_out                       |                                                              |               11 |             22 |         2.00 |
|  clk25_out_BUFG | vga_timing_inst/tmp[31][visible]22_out                       |                                                              |               11 |             22 |         2.00 |
|  clk25_out_BUFG | vga_timing_inst/tmp[29][visible]15_out                       |                                                              |                9 |             22 |         2.44 |
|  clk25_out_BUFG | vga_timing_inst/tmp[28][visible]12_out                       |                                                              |               13 |             22 |         1.69 |
|  clk25_out_BUFG | vga_timing_inst/tmp[26][visible]6_out                        |                                                              |               11 |             22 |         2.00 |
|  clk25_out_BUFG | vga_timing_inst/tmp[25][visible]                             |                                                              |               14 |             25 |         1.79 |
|  clk_IBUF_BUFG  |                                                              | command_handler_inst/IC1/H_stand_reg[2]_0                    |                9 |             29 |         3.22 |
| ~clk_IBUF_BUFG  | command_handler_inst/IC1/bit_cycle_current                   | command_handler_inst/IC1/bit_cycle_current[31]_i_1_n_0       |                8 |             32 |         4.00 |
| ~clk_IBUF_BUFG  | command_handler_inst/IC1/teller0_inferred__0/i__carry__2_n_0 | command_handler_inst/IC1/bit_current[0]_i_1_n_0              |                8 |             32 |         4.00 |
| ~clk_IBUF_BUFG  | command_handler_inst/IC1/data_out_hold_0                     |                                                              |                7 |             32 |         4.57 |
| ~clk_IBUF_BUFG  |                                                              | command_handler_inst/IC1/teller0_inferred__0/i__carry__2_n_0 |                8 |             32 |         4.00 |
|  clk25_out_BUFG | vga_timing_inst/v_cnt_reg[9]_4                               | vga_timing_inst/v_cnt_reg[7]_0                               |               20 |             42 |         2.10 |
|  clk25_out_BUFG | vga_timing_inst/tmp[50][x]                                   |                                                              |               33 |             58 |         1.76 |
|  clk25_out_BUFG | vga_timing_inst/tmp[43][visible]                             |                                                              |               36 |             70 |         1.94 |
|  clk25_out_BUFG | vga_timing_inst/tmp[7][visible]                              |                                                              |               33 |             70 |         2.12 |
|  clk25_out_BUFG | vga_timing_inst/tmp[1][visible]                              |                                                              |               31 |             70 |         2.26 |
|  clk25_out_BUFG | vga_timing_inst/tmp[19][visible]                             |                                                              |               36 |             70 |         1.94 |
|  clk25_out_BUFG | vga_timing_inst/tmp[13][visible]                             |                                                              |               32 |             70 |         2.19 |
|  clk25_out_BUFG | vga_timing_inst/v_cnt_reg[9]_2[0]                            |                                                              |               61 |            125 |         2.05 |
|  clk25_out_BUFG |                                                              |                                                              |              110 |            238 |         2.16 |
+-----------------+--------------------------------------------------------------+--------------------------------------------------------------+------------------+----------------+--------------+


