
*** Running vivado
    with args -log top.vds -m64 -product Vivado -mode batch -messageDb vivado.pb -notrace -source top.tcl


****** Vivado v2025.1 (64-bit)
  **** SW Build 6140274 on Wed May 21 22:58:25 MDT 2025
  **** IP Build 6138677 on Thu May 22 03:10:11 MDT 2025
  **** SharedData Build 6139179 on Tue May 20 17:58:58 MDT 2025
  **** Start of session at: Wed Jan 28 21:38:21 2026
    ** Copyright 1986-2022 Xilinx, Inc. All Rights Reserved.
    ** Copyright 2022-2025 Advanced Micro Devices, Inc. All Rights Reserved.

source top.tcl -notrace
Command: read_checkpoint -auto_incremental -incremental /home/bram-laurens/SpaceInvaders_V2/SpaceInvaders_V2.srcs/utils_1/imports/synth_1/vgadriver.dcp
INFO: [Vivado 12-5825] Read reference checkpoint from /home/bram-laurens/SpaceInvaders_V2/SpaceInvaders_V2.srcs/utils_1/imports/synth_1/vgadriver.dcp for incremental synthesis
INFO: [Vivado 12-7989] Please ensure there are no constraint changes
Command: synth_design -top top -part xc7a35tcpg236-1
Starting synth_design
Attempting to get a license for feature 'Synthesis' and/or device 'xc7a35t'
INFO: [Common 17-349] Got license for feature 'Synthesis' and/or device 'xc7a35t'
INFO: [Device 21-403] Loading part xc7a35tcpg236-1
INFO: [Synth 8-7079] Multithreading enabled for synth_design using a maximum of 7 processes.
INFO: [Synth 8-7078] Launching helper process for spawning children vivado processes
INFO: [Synth 8-7075] Helper process launched with PID 479718
---------------------------------------------------------------------------------
Starting RTL Elaboration : Time (s): cpu = 00:00:02 ; elapsed = 00:00:02 . Memory (MB): peak = 2096.539 ; gain = 426.102 ; free physical = 6587 ; free virtual = 24968
---------------------------------------------------------------------------------
INFO: [Synth 8-638] synthesizing module 'top' [/home/bram-laurens/SpaceInvaders_V2/SpaceInvaders_V2.srcs/sources_1/new/top.vhd:54]
INFO: [Synth 8-638] synthesizing module 'clk_div_25' [/home/bram-laurens/SpaceInvaders_V2/SpaceInvaders_V2.srcs/sources_1/new/clk_div_25.vhd:41]
INFO: [Synth 8-256] done synthesizing module 'clk_div_25' (0#1) [/home/bram-laurens/SpaceInvaders_V2/SpaceInvaders_V2.srcs/sources_1/new/clk_div_25.vhd:41]
INFO: [Synth 8-638] synthesizing module 'vga_timing' [/home/bram-laurens/SpaceInvaders_V2/SpaceInvaders_V2.srcs/sources_1/new/vgadriver.vhd:45]
INFO: [Synth 8-256] done synthesizing module 'vga_timing' (0#1) [/home/bram-laurens/SpaceInvaders_V2/SpaceInvaders_V2.srcs/sources_1/new/vgadriver.vhd:45]
INFO: [Synth 8-638] synthesizing module 'sprite_renderer' [/home/bram-laurens/SpaceInvaders_V2/SpaceInvaders_V2.srcs/sources_1/new/sprite_renderer.vhd:47]
INFO: [Synth 8-256] done synthesizing module 'sprite_renderer' (0#1) [/home/bram-laurens/SpaceInvaders_V2/SpaceInvaders_V2.srcs/sources_1/new/sprite_renderer.vhd:47]
INFO: [Synth 8-6157] synthesizing module 'blk_mem_gen_0' [/home/bram-laurens/SpaceInvaders_V2/SpaceInvaders_V2.runs/synth_1/.Xil/Vivado-479630-bram-laurens-ROG-Zephyrus-G16-GU605MI/realtime/blk_mem_gen_0_stub.v:6]
INFO: [Synth 8-6155] done synthesizing module 'blk_mem_gen_0' (0#1) [/home/bram-laurens/SpaceInvaders_V2/SpaceInvaders_V2.runs/synth_1/.Xil/Vivado-479630-bram-laurens-ROG-Zephyrus-G16-GU605MI/realtime/blk_mem_gen_0_stub.v:6]
INFO: [Synth 8-6157] synthesizing module 'blk_mem_gen_1' [/home/bram-laurens/SpaceInvaders_V2/SpaceInvaders_V2.runs/synth_1/.Xil/Vivado-479630-bram-laurens-ROG-Zephyrus-G16-GU605MI/realtime/blk_mem_gen_1_stub.v:6]
INFO: [Synth 8-6155] done synthesizing module 'blk_mem_gen_1' (0#1) [/home/bram-laurens/SpaceInvaders_V2/SpaceInvaders_V2.runs/synth_1/.Xil/Vivado-479630-bram-laurens-ROG-Zephyrus-G16-GU605MI/realtime/blk_mem_gen_1_stub.v:6]
INFO: [Synth 8-6157] synthesizing module 'uart_bram' [/home/bram-laurens/SpaceInvaders_V2/SpaceInvaders_V2.runs/synth_1/.Xil/Vivado-479630-bram-laurens-ROG-Zephyrus-G16-GU605MI/realtime/uart_bram_stub.v:6]
INFO: [Synth 8-6155] done synthesizing module 'uart_bram' (0#1) [/home/bram-laurens/SpaceInvaders_V2/SpaceInvaders_V2.runs/synth_1/.Xil/Vivado-479630-bram-laurens-ROG-Zephyrus-G16-GU605MI/realtime/uart_bram_stub.v:6]
INFO: [Synth 8-638] synthesizing module 'command_handler' [/home/bram-laurens/Downloads/command_handler.vhd:41]
	Parameter data_size bound to: 32 - type: integer 
	Parameter UART_baudrate bound to: 115200 - type: integer 
INFO: [Synth 8-3491] module 'UART_reciever' declared at '/home/bram-laurens/Downloads/UART_reciever.vhd:40' bound to instance 'IC1' of component 'UART_reciever' [/home/bram-laurens/Downloads/command_handler.vhd:60]
INFO: [Synth 8-638] synthesizing module 'UART_reciever' [/home/bram-laurens/Downloads/UART_reciever.vhd:54]
	Parameter data_size bound to: 32 - type: integer 
	Parameter UART_baudrate bound to: 115200 - type: integer 
INFO: [Synth 8-256] done synthesizing module 'UART_reciever' (0#1) [/home/bram-laurens/Downloads/UART_reciever.vhd:54]
INFO: [Synth 8-256] done synthesizing module 'command_handler' (0#1) [/home/bram-laurens/Downloads/command_handler.vhd:41]
INFO: [Synth 8-256] done synthesizing module 'top' (0#1) [/home/bram-laurens/SpaceInvaders_V2/SpaceInvaders_V2.srcs/sources_1/new/top.vhd:54]
WARNING: [Synth 8-6014] Unused sequential element game_instances_reg[39][x] was removed.  [/home/bram-laurens/SpaceInvaders_V2/SpaceInvaders_V2.srcs/sources_1/new/top.vhd:414]
WARNING: [Synth 8-6014] Unused sequential element game_instances_reg[39][y] was removed.  [/home/bram-laurens/SpaceInvaders_V2/SpaceInvaders_V2.srcs/sources_1/new/top.vhd:414]
WARNING: [Synth 8-6014] Unused sequential element game_instances_reg[39][sprite_id] was removed.  [/home/bram-laurens/SpaceInvaders_V2/SpaceInvaders_V2.srcs/sources_1/new/top.vhd:414]
WARNING: [Synth 8-6014] Unused sequential element game_instances_reg[39][visible] was removed.  [/home/bram-laurens/SpaceInvaders_V2/SpaceInvaders_V2.srcs/sources_1/new/top.vhd:414]
WARNING: [Synth 8-6014] Unused sequential element game_instances_reg[40][x] was removed.  [/home/bram-laurens/SpaceInvaders_V2/SpaceInvaders_V2.srcs/sources_1/new/top.vhd:414]
WARNING: [Synth 8-6014] Unused sequential element game_instances_reg[40][y] was removed.  [/home/bram-laurens/SpaceInvaders_V2/SpaceInvaders_V2.srcs/sources_1/new/top.vhd:414]
WARNING: [Synth 8-6014] Unused sequential element game_instances_reg[40][sprite_id] was removed.  [/home/bram-laurens/SpaceInvaders_V2/SpaceInvaders_V2.srcs/sources_1/new/top.vhd:414]
WARNING: [Synth 8-6014] Unused sequential element game_instances_reg[40][visible] was removed.  [/home/bram-laurens/SpaceInvaders_V2/SpaceInvaders_V2.srcs/sources_1/new/top.vhd:414]
WARNING: [Synth 8-6014] Unused sequential element game_instances_reg[41][x] was removed.  [/home/bram-laurens/SpaceInvaders_V2/SpaceInvaders_V2.srcs/sources_1/new/top.vhd:414]
WARNING: [Synth 8-6014] Unused sequential element game_instances_reg[41][y] was removed.  [/home/bram-laurens/SpaceInvaders_V2/SpaceInvaders_V2.srcs/sources_1/new/top.vhd:414]
WARNING: [Synth 8-6014] Unused sequential element game_instances_reg[41][sprite_id] was removed.  [/home/bram-laurens/SpaceInvaders_V2/SpaceInvaders_V2.srcs/sources_1/new/top.vhd:414]
WARNING: [Synth 8-6014] Unused sequential element game_instances_reg[41][visible] was removed.  [/home/bram-laurens/SpaceInvaders_V2/SpaceInvaders_V2.srcs/sources_1/new/top.vhd:414]
WARNING: [Synth 8-6014] Unused sequential element game_instances_reg[42][visible] was removed.  [/home/bram-laurens/SpaceInvaders_V2/SpaceInvaders_V2.srcs/sources_1/new/top.vhd:414]
WARNING: [Synth 8-6014] Unused sequential element game_instances_reg[43][visible] was removed.  [/home/bram-laurens/SpaceInvaders_V2/SpaceInvaders_V2.srcs/sources_1/new/top.vhd:414]
WARNING: [Synth 8-6014] Unused sequential element game_instances_reg[44][visible] was removed.  [/home/bram-laurens/SpaceInvaders_V2/SpaceInvaders_V2.srcs/sources_1/new/top.vhd:414]
WARNING: [Synth 8-6014] Unused sequential element game_instances_reg[45][visible] was removed.  [/home/bram-laurens/SpaceInvaders_V2/SpaceInvaders_V2.srcs/sources_1/new/top.vhd:414]
WARNING: [Synth 8-6014] Unused sequential element game_instances_reg[46][visible] was removed.  [/home/bram-laurens/SpaceInvaders_V2/SpaceInvaders_V2.srcs/sources_1/new/top.vhd:414]
WARNING: [Synth 8-6014] Unused sequential element game_instances_reg[47][visible] was removed.  [/home/bram-laurens/SpaceInvaders_V2/SpaceInvaders_V2.srcs/sources_1/new/top.vhd:414]
WARNING: [Synth 8-6014] Unused sequential element game_instances_reg[48][visible] was removed.  [/home/bram-laurens/SpaceInvaders_V2/SpaceInvaders_V2.srcs/sources_1/new/top.vhd:414]
WARNING: [Synth 8-6014] Unused sequential element game_instances_reg[49][visible] was removed.  [/home/bram-laurens/SpaceInvaders_V2/SpaceInvaders_V2.srcs/sources_1/new/top.vhd:414]
WARNING: [Synth 8-6014] Unused sequential element game_instances_reg[50][visible] was removed.  [/home/bram-laurens/SpaceInvaders_V2/SpaceInvaders_V2.srcs/sources_1/new/top.vhd:414]
WARNING: [Synth 8-6014] Unused sequential element game_instances_reg[51][visible] was removed.  [/home/bram-laurens/SpaceInvaders_V2/SpaceInvaders_V2.srcs/sources_1/new/top.vhd:414]
WARNING: [Synth 8-6014] Unused sequential element game_instances_reg[52][visible] was removed.  [/home/bram-laurens/SpaceInvaders_V2/SpaceInvaders_V2.srcs/sources_1/new/top.vhd:414]
WARNING: [Synth 8-6014] Unused sequential element game_instances_reg[59][x] was removed.  [/home/bram-laurens/SpaceInvaders_V2/SpaceInvaders_V2.srcs/sources_1/new/top.vhd:414]
WARNING: [Synth 8-6014] Unused sequential element game_instances_reg[59][y] was removed.  [/home/bram-laurens/SpaceInvaders_V2/SpaceInvaders_V2.srcs/sources_1/new/top.vhd:414]
WARNING: [Synth 8-6014] Unused sequential element game_instances_reg[59][sprite_id] was removed.  [/home/bram-laurens/SpaceInvaders_V2/SpaceInvaders_V2.srcs/sources_1/new/top.vhd:414]
WARNING: [Synth 8-6014] Unused sequential element game_instances_reg[59][visible] was removed.  [/home/bram-laurens/SpaceInvaders_V2/SpaceInvaders_V2.srcs/sources_1/new/top.vhd:414]
WARNING: [Synth 8-6014] Unused sequential element game_instances_reg[60][x] was removed.  [/home/bram-laurens/SpaceInvaders_V2/SpaceInvaders_V2.srcs/sources_1/new/top.vhd:414]
WARNING: [Synth 8-6014] Unused sequential element game_instances_reg[60][y] was removed.  [/home/bram-laurens/SpaceInvaders_V2/SpaceInvaders_V2.srcs/sources_1/new/top.vhd:414]
WARNING: [Synth 8-6014] Unused sequential element game_instances_reg[60][sprite_id] was removed.  [/home/bram-laurens/SpaceInvaders_V2/SpaceInvaders_V2.srcs/sources_1/new/top.vhd:414]
WARNING: [Synth 8-6014] Unused sequential element game_instances_reg[60][visible] was removed.  [/home/bram-laurens/SpaceInvaders_V2/SpaceInvaders_V2.srcs/sources_1/new/top.vhd:414]
WARNING: [Synth 8-6014] Unused sequential element game_instances_reg[61][x] was removed.  [/home/bram-laurens/SpaceInvaders_V2/SpaceInvaders_V2.srcs/sources_1/new/top.vhd:414]
WARNING: [Synth 8-6014] Unused sequential element game_instances_reg[61][y] was removed.  [/home/bram-laurens/SpaceInvaders_V2/SpaceInvaders_V2.srcs/sources_1/new/top.vhd:414]
WARNING: [Synth 8-6014] Unused sequential element game_instances_reg[61][sprite_id] was removed.  [/home/bram-laurens/SpaceInvaders_V2/SpaceInvaders_V2.srcs/sources_1/new/top.vhd:414]
WARNING: [Synth 8-6014] Unused sequential element game_instances_reg[61][visible] was removed.  [/home/bram-laurens/SpaceInvaders_V2/SpaceInvaders_V2.srcs/sources_1/new/top.vhd:414]
WARNING: [Synth 8-6014] Unused sequential element game_instances_reg[62][x] was removed.  [/home/bram-laurens/SpaceInvaders_V2/SpaceInvaders_V2.srcs/sources_1/new/top.vhd:414]
WARNING: [Synth 8-6014] Unused sequential element game_instances_reg[62][y] was removed.  [/home/bram-laurens/SpaceInvaders_V2/SpaceInvaders_V2.srcs/sources_1/new/top.vhd:414]
WARNING: [Synth 8-6014] Unused sequential element game_instances_reg[62][sprite_id] was removed.  [/home/bram-laurens/SpaceInvaders_V2/SpaceInvaders_V2.srcs/sources_1/new/top.vhd:414]
WARNING: [Synth 8-6014] Unused sequential element game_instances_reg[62][visible] was removed.  [/home/bram-laurens/SpaceInvaders_V2/SpaceInvaders_V2.srcs/sources_1/new/top.vhd:414]
WARNING: [Synth 8-6014] Unused sequential element game_instances_reg[63][x] was removed.  [/home/bram-laurens/SpaceInvaders_V2/SpaceInvaders_V2.srcs/sources_1/new/top.vhd:414]
WARNING: [Synth 8-6014] Unused sequential element game_instances_reg[63][y] was removed.  [/home/bram-laurens/SpaceInvaders_V2/SpaceInvaders_V2.srcs/sources_1/new/top.vhd:414]
WARNING: [Synth 8-6014] Unused sequential element game_instances_reg[63][sprite_id] was removed.  [/home/bram-laurens/SpaceInvaders_V2/SpaceInvaders_V2.srcs/sources_1/new/top.vhd:414]
WARNING: [Synth 8-6014] Unused sequential element game_instances_reg[63][visible] was removed.  [/home/bram-laurens/SpaceInvaders_V2/SpaceInvaders_V2.srcs/sources_1/new/top.vhd:414]
WARNING: [Synth 8-6014] Unused sequential element sprite_pixel_idx_top_d3_reg was removed.  [/home/bram-laurens/SpaceInvaders_V2/SpaceInvaders_V2.srcs/sources_1/new/top.vhd:824]
WARNING: [Synth 8-6014] Unused sequential element sprite_pixel_idx_top_d4_reg was removed.  [/home/bram-laurens/SpaceInvaders_V2/SpaceInvaders_V2.srcs/sources_1/new/top.vhd:825]
WARNING: [Synth 8-6014] Unused sequential element sprite_pixel_idx_under_d3_reg was removed.  [/home/bram-laurens/SpaceInvaders_V2/SpaceInvaders_V2.srcs/sources_1/new/top.vhd:829]
WARNING: [Synth 8-6014] Unused sequential element sprite_pixel_idx_under_d4_reg was removed.  [/home/bram-laurens/SpaceInvaders_V2/SpaceInvaders_V2.srcs/sources_1/new/top.vhd:830]
WARNING: [Synth 8-6014] Unused sequential element render_instances_reg[39][y] was removed.  [/home/bram-laurens/SpaceInvaders_V2/SpaceInvaders_V2.srcs/sources_1/new/top.vhd:287]
WARNING: [Synth 8-6014] Unused sequential element render_instances_reg[40][y] was removed.  [/home/bram-laurens/SpaceInvaders_V2/SpaceInvaders_V2.srcs/sources_1/new/top.vhd:287]
WARNING: [Synth 8-6014] Unused sequential element render_instances_reg[40][sprite_id] was removed.  [/home/bram-laurens/SpaceInvaders_V2/SpaceInvaders_V2.srcs/sources_1/new/top.vhd:287]
WARNING: [Synth 8-6014] Unused sequential element render_instances_reg[41][y] was removed.  [/home/bram-laurens/SpaceInvaders_V2/SpaceInvaders_V2.srcs/sources_1/new/top.vhd:287]
WARNING: [Synth 8-6014] Unused sequential element render_instances_reg[41][sprite_id] was removed.  [/home/bram-laurens/SpaceInvaders_V2/SpaceInvaders_V2.srcs/sources_1/new/top.vhd:287]
WARNING: [Synth 8-6014] Unused sequential element render_instances_reg[59][y] was removed.  [/home/bram-laurens/SpaceInvaders_V2/SpaceInvaders_V2.srcs/sources_1/new/top.vhd:287]
WARNING: [Synth 8-6014] Unused sequential element render_instances_reg[60][y] was removed.  [/home/bram-laurens/SpaceInvaders_V2/SpaceInvaders_V2.srcs/sources_1/new/top.vhd:287]
WARNING: [Synth 8-6014] Unused sequential element render_instances_reg[60][visible] was removed.  [/home/bram-laurens/SpaceInvaders_V2/SpaceInvaders_V2.srcs/sources_1/new/top.vhd:287]
WARNING: [Synth 8-6014] Unused sequential element render_instances_reg[61][y] was removed.  [/home/bram-laurens/SpaceInvaders_V2/SpaceInvaders_V2.srcs/sources_1/new/top.vhd:287]
WARNING: [Synth 8-6014] Unused sequential element render_instances_reg[61][visible] was removed.  [/home/bram-laurens/SpaceInvaders_V2/SpaceInvaders_V2.srcs/sources_1/new/top.vhd:287]
WARNING: [Synth 8-6014] Unused sequential element render_instances_reg[62][y] was removed.  [/home/bram-laurens/SpaceInvaders_V2/SpaceInvaders_V2.srcs/sources_1/new/top.vhd:287]
WARNING: [Synth 8-6014] Unused sequential element render_instances_reg[62][visible] was removed.  [/home/bram-laurens/SpaceInvaders_V2/SpaceInvaders_V2.srcs/sources_1/new/top.vhd:287]
WARNING: [Synth 8-6014] Unused sequential element render_instances_reg[63][y] was removed.  [/home/bram-laurens/SpaceInvaders_V2/SpaceInvaders_V2.srcs/sources_1/new/top.vhd:287]
WARNING: [Synth 8-6014] Unused sequential element render_instances_reg[63][visible] was removed.  [/home/bram-laurens/SpaceInvaders_V2/SpaceInvaders_V2.srcs/sources_1/new/top.vhd:287]
WARNING: [Synth 8-6014] Unused sequential element render_instances_reg[43][visible] was removed.  [/home/bram-laurens/SpaceInvaders_V2/SpaceInvaders_V2.srcs/sources_1/new/top.vhd:287]
WARNING: [Synth 8-6014] Unused sequential element render_instances_reg[44][visible] was removed.  [/home/bram-laurens/SpaceInvaders_V2/SpaceInvaders_V2.srcs/sources_1/new/top.vhd:287]
WARNING: [Synth 8-6014] Unused sequential element render_instances_reg[47][visible] was removed.  [/home/bram-laurens/SpaceInvaders_V2/SpaceInvaders_V2.srcs/sources_1/new/top.vhd:287]
WARNING: [Synth 8-6014] Unused sequential element render_instances_reg[48][visible] was removed.  [/home/bram-laurens/SpaceInvaders_V2/SpaceInvaders_V2.srcs/sources_1/new/top.vhd:287]
WARNING: [Synth 8-6014] Unused sequential element render_instances_reg[49][visible] was removed.  [/home/bram-laurens/SpaceInvaders_V2/SpaceInvaders_V2.srcs/sources_1/new/top.vhd:287]
WARNING: [Synth 8-6014] Unused sequential element render_instances_reg[50][visible] was removed.  [/home/bram-laurens/SpaceInvaders_V2/SpaceInvaders_V2.srcs/sources_1/new/top.vhd:287]
WARNING: [Synth 8-6014] Unused sequential element render_instances_reg[52][visible] was removed.  [/home/bram-laurens/SpaceInvaders_V2/SpaceInvaders_V2.srcs/sources_1/new/top.vhd:287]
---------------------------------------------------------------------------------
Finished RTL Elaboration : Time (s): cpu = 00:00:06 ; elapsed = 00:00:06 . Memory (MB): peak = 2304.078 ; gain = 633.641 ; free physical = 6515 ; free virtual = 24886
---------------------------------------------------------------------------------
---------------------------------------------------------------------------------
Start Handling Custom Attributes
---------------------------------------------------------------------------------
---------------------------------------------------------------------------------
Finished Handling Custom Attributes : Time (s): cpu = 00:00:06 ; elapsed = 00:00:07 . Memory (MB): peak = 2304.078 ; gain = 633.641 ; free physical = 6516 ; free virtual = 24887
---------------------------------------------------------------------------------
---------------------------------------------------------------------------------
Finished RTL Optimization Phase 1 : Time (s): cpu = 00:00:06 ; elapsed = 00:00:07 . Memory (MB): peak = 2304.078 ; gain = 633.641 ; free physical = 6516 ; free virtual = 24887
---------------------------------------------------------------------------------
Netlist sorting complete. Time (s): cpu = 00:00:00.06 ; elapsed = 00:00:00.06 . Memory (MB): peak = 2304.078 ; gain = 0.000 ; free physical = 6567 ; free virtual = 24892
INFO: [Project 1-570] Preparing netlist for logic optimization

Processing XDC Constraints
Initializing timing engine
Parsing XDC File [/home/bram-laurens/SpaceInvaders_V2/SpaceInvaders_V2.gen/sources_1/ip/blk_mem_gen_0/blk_mem_gen_0/blk_mem_gen_0_in_context.xdc] for cell 'sprite_sheet_rom_top_inst'
Finished Parsing XDC File [/home/bram-laurens/SpaceInvaders_V2/SpaceInvaders_V2.gen/sources_1/ip/blk_mem_gen_0/blk_mem_gen_0/blk_mem_gen_0_in_context.xdc] for cell 'sprite_sheet_rom_top_inst'
Parsing XDC File [/home/bram-laurens/SpaceInvaders_V2/SpaceInvaders_V2.gen/sources_1/ip/blk_mem_gen_0/blk_mem_gen_0/blk_mem_gen_0_in_context.xdc] for cell 'sprite_sheet_rom_under_inst'
Finished Parsing XDC File [/home/bram-laurens/SpaceInvaders_V2/SpaceInvaders_V2.gen/sources_1/ip/blk_mem_gen_0/blk_mem_gen_0/blk_mem_gen_0_in_context.xdc] for cell 'sprite_sheet_rom_under_inst'
Parsing XDC File [/home/bram-laurens/SpaceInvaders_V2/SpaceInvaders_V2.gen/sources_1/ip/blk_mem_gen_1/blk_mem_gen_1/blk_mem_gen_1_in_context.xdc] for cell 'palette_rom_top_inst'
Finished Parsing XDC File [/home/bram-laurens/SpaceInvaders_V2/SpaceInvaders_V2.gen/sources_1/ip/blk_mem_gen_1/blk_mem_gen_1/blk_mem_gen_1_in_context.xdc] for cell 'palette_rom_top_inst'
Parsing XDC File [/home/bram-laurens/SpaceInvaders_V2/SpaceInvaders_V2.gen/sources_1/ip/blk_mem_gen_1/blk_mem_gen_1/blk_mem_gen_1_in_context.xdc] for cell 'palette_rom_under_inst'
Finished Parsing XDC File [/home/bram-laurens/SpaceInvaders_V2/SpaceInvaders_V2.gen/sources_1/ip/blk_mem_gen_1/blk_mem_gen_1/blk_mem_gen_1_in_context.xdc] for cell 'palette_rom_under_inst'
Parsing XDC File [/home/bram-laurens/SpaceInvaders_V2/SpaceInvaders_V2.gen/sources_1/ip/uart_bram/uart_bram/uart_bram_in_context.xdc] for cell 'uart_bram_inst'
Finished Parsing XDC File [/home/bram-laurens/SpaceInvaders_V2/SpaceInvaders_V2.gen/sources_1/ip/uart_bram/uart_bram/uart_bram_in_context.xdc] for cell 'uart_bram_inst'
Parsing XDC File [/home/bram-laurens/SpaceInvaders_V2/SpaceInvaders_V2.srcs/constrs_1/imports/Downloads/Basys-3-Master.xdc]
Finished Parsing XDC File [/home/bram-laurens/SpaceInvaders_V2/SpaceInvaders_V2.srcs/constrs_1/imports/Downloads/Basys-3-Master.xdc]
INFO: [Project 1-236] Implementation specific constraints were found while reading constraint file [/home/bram-laurens/SpaceInvaders_V2/SpaceInvaders_V2.srcs/constrs_1/imports/Downloads/Basys-3-Master.xdc]. These constraints will be ignored for synthesis but will be used in implementation. Impacted constraints are listed in the file [.Xil/top_propImpl.xdc].
Resolution: To avoid this warning, move constraints listed in [.Xil/top_propImpl.xdc] to another XDC file and exclude this new file from synthesis with the used_in_synthesis property (File Properties dialog in GUI) and re-run elaboration/synthesis.
Completed Processing XDC Constraints

Netlist sorting complete. Time (s): cpu = 00:00:00 ; elapsed = 00:00:00 . Memory (MB): peak = 2395.910 ; gain = 0.000 ; free physical = 6589 ; free virtual = 24910
INFO: [Project 1-111] Unisim Transformation Summary:
No Unisim elements were transformed.

Constraint Validation Runtime : Time (s): cpu = 00:00:00.02 ; elapsed = 00:00:00.02 . Memory (MB): peak = 2395.945 ; gain = 0.000 ; free physical = 6589 ; free virtual = 24910
WARNING: [Timing 38-316] Clock period '20.000' specified during out-of-context synthesis of instance 'uart_bram_inst' at clock pin 'clka' is different from the actual clock period '10.000', this can lead to different synthesis results.
---------------------------------------------------------------------------------
Finished Constraint Validation : Time (s): cpu = 00:00:11 ; elapsed = 00:00:11 . Memory (MB): peak = 2395.945 ; gain = 725.508 ; free physical = 6625 ; free virtual = 24933
---------------------------------------------------------------------------------
---------------------------------------------------------------------------------
Start Loading Part and Timing Information
---------------------------------------------------------------------------------
Loading part: xc7a35tcpg236-1
---------------------------------------------------------------------------------
Finished Loading Part and Timing Information : Time (s): cpu = 00:00:11 ; elapsed = 00:00:11 . Memory (MB): peak = 2403.914 ; gain = 733.477 ; free physical = 6625 ; free virtual = 24933
---------------------------------------------------------------------------------
---------------------------------------------------------------------------------
Start Applying 'set_property' XDC Constraints
---------------------------------------------------------------------------------
---------------------------------------------------------------------------------
Finished applying 'set_property' XDC Constraints : Time (s): cpu = 00:00:11 ; elapsed = 00:00:11 . Memory (MB): peak = 2403.914 ; gain = 733.477 ; free physical = 6625 ; free virtual = 24933
---------------------------------------------------------------------------------
---------------------------------------------------------------------------------
Start Preparing Guide Design
---------------------------------------------------------------------------------
---------------------------------------------------------------------------------
Finished Doing Graph Differ : Time (s): cpu = 00:00:12 ; elapsed = 00:00:12 . Memory (MB): peak = 2403.914 ; gain = 733.477 ; free physical = 6625 ; free virtual = 24936
---------------------------------------------------------------------------------
top__GB5top__GB4top__GB3top__GB1---------------------------------------------------------------------------------
Finished Preparing Guide Design : Time (s): cpu = 00:00:12 ; elapsed = 00:00:13 . Memory (MB): peak = 2403.914 ; gain = 733.477 ; free physical = 6626 ; free virtual = 24936
---------------------------------------------------------------------------------
---------------------------------------------------------------------------------
Finished RTL Optimization Phase 2 : Time (s): cpu = 00:00:18 ; elapsed = 00:00:18 . Memory (MB): peak = 2403.914 ; gain = 733.477 ; free physical = 6346 ; free virtual = 24872
---------------------------------------------------------------------------------
---------------------------------------------------------------------------------
Start Mimic Skeleton from Reference
---------------------------------------------------------------------------------
---------------------------------------------------------------------------------
Finished Mimic Skeleton from Reference : Time (s): cpu = 00:00:19 ; elapsed = 00:00:19 . Memory (MB): peak = 2403.914 ; gain = 733.477 ; free physical = 6405 ; free virtual = 24873
---------------------------------------------------------------------------------


Incremental Synthesis Report Summary:

1. Incremental synthesis run: yes

   Stitch points used : changed


2. Change Summary

Report Incremental Modules: 
+------+----------------+------------+----------+----------+
|      |Changed Modules |Replication |Instances |Changed % |
+------+----------------+------------+----------+----------+
|1     |sprite_renderer |           1|     27160|   28.0854|
+------+----------------+------------+----------+----------+


   Full Design Size (number of cells) : 96705
   Resynthesis Design Size (number of cells) : 38399
   Resynth % : 39.7074,  Reuse % : 60.2926

3. Reference Checkpoint Information

+------------------------------------------------------------------------------------------------------------------+
| DCP Location:  | /home/bram-laurens/SpaceInvaders_V2/SpaceInvaders_V2.srcs/utils_1/imports/synth_1/vgadriver.dcp |
+------------------------------------------------------------------------------------------------------------------+


+--------------------------------+------------------------------+
|         DCP Information        |             Value            |
+--------------------------------+------------------------------+
| Vivado Version                 |                    v2025.1 |
| DCP State                      |                              |
+--------------------------------+------------------------------+



Report RTL Partitions: 
+------+-------------------+------------+----------+
|      |RTL Partition      |Replication |Instances |
+------+-------------------+------------+----------+
|1     |top__GB2           |           1|     11239|
|2     |sprite_renderer__1 |           1|     27160|
|3     |top__GB1_#REUSE#   |           1|         0|
|4     |top__GB3_#REUSE#   |           1|         0|
|5     |top__GB4_#REUSE#   |           1|         0|
|6     |top__GB5_#REUSE#   |           1|         0|
+------+-------------------+------------+----------+
---------------------------------------------------------------------------------
Start RTL Component Statistics 
---------------------------------------------------------------------------------
Detailed RTL Component Info : 
+---Adders : 
	   2 Input   32 Bit       Adders := 3     
	   3 Input   11 Bit       Adders := 128   
	   2 Input   10 Bit       Adders := 130   
	   3 Input    6 Bit       Adders := 128   
	   2 Input    6 Bit       Adders := 3     
	   2 Input    4 Bit       Adders := 1     
	   2 Input    2 Bit       Adders := 1     
+---Registers : 
	               32 Bit    Registers := 4     
	               16 Bit    Registers := 2     
	               10 Bit    Registers := 71    
	                8 Bit    Registers := 4     
	                6 Bit    Registers := 13    
	                5 Bit    Registers := 2     
	                4 Bit    Registers := 2     
	                3 Bit    Registers := 1     
	                2 Bit    Registers := 1     
	                1 Bit    Registers := 21    
+---Muxes : 
	   7 Input   32 Bit        Muxes := 1     
	   2 Input   32 Bit        Muxes := 6     
	   2 Input   16 Bit        Muxes := 566   
	   2 Input   10 Bit        Muxes := 69    
	   4 Input   10 Bit        Muxes := 4     
	   3 Input    9 Bit        Muxes := 1     
	   3 Input    8 Bit        Muxes := 1     
	   3 Input    7 Bit        Muxes := 1     
	   4 Input    6 Bit        Muxes := 2     
	   3 Input    6 Bit        Muxes := 2     
	   2 Input    6 Bit        Muxes := 15    
	   2 Input    4 Bit        Muxes := 11    
	   2 Input    3 Bit        Muxes := 3     
	   7 Input    3 Bit        Muxes := 2     
	   2 Input    2 Bit        Muxes := 2     
	   2 Input    1 Bit        Muxes := 1500  
	   3 Input    1 Bit        Muxes := 3     
---------------------------------------------------------------------------------
Finished RTL Component Statistics 
---------------------------------------------------------------------------------
---------------------------------------------------------------------------------
Start Part Resource Summary
---------------------------------------------------------------------------------
Part Resources:
DSPs: 90 (col length:60)
BRAMs: 100 (col length: RAMB18 60 RAMB36 30)
---------------------------------------------------------------------------------
Finished Part Resource Summary
---------------------------------------------------------------------------------
---------------------------------------------------------------------------------
Start Cross Boundary and Area Optimization
---------------------------------------------------------------------------------
INFO: [Synth 8-3886] merging instance 'game_instances_reg[58][sprite_id][5]' (FDRE) to 'game_instances_reg[56][sprite_id][5]'
INFO: [Synth 8-3886] merging instance 'render_instances_reg[58][sprite_id][5]' (FD) to 'render_instances_reg[56][sprite_id][5]'
INFO: [Synth 8-3886] merging instance 'game_instances_reg[58][x][0]' (FDRE) to 'game_instances_reg[57][x][0]'
INFO: [Synth 8-3886] merging instance 'render_instances_reg[58][x][0]' (FD) to 'render_instances_reg[57][x][0]'
INFO: [Synth 8-3886] merging instance 'game_instances_reg[58][x][1]' (FDRE) to 'game_instances_reg[57][x][0]'
INFO: [Synth 8-3886] merging instance 'render_instances_reg[58][x][1]' (FD) to 'render_instances_reg[57][x][0]'
INFO: [Synth 8-3886] merging instance 'game_instances_reg[58][x][2]' (FDRE) to 'game_instances_reg[57][x][0]'
INFO: [Synth 8-3886] merging instance 'render_instances_reg[58][x][2]' (FD) to 'render_instances_reg[57][x][0]'
INFO: [Synth 8-3886] merging instance 'game_instances_reg[58][x][3]' (FDRE) to 'game_instances_reg[57][x][0]'
INFO: [Synth 8-3886] merging instance 'render_instances_reg[58][x][3]' (FD) to 'render_instances_reg[57][x][0]'
INFO: [Synth 8-3886] merging instance 'game_instances_reg[58][x][4]' (FDRE) to 'game_instances_reg[57][x][0]'
INFO: [Synth 8-3886] merging instance 'render_instances_reg[58][x][4]' (FD) to 'render_instances_reg[57][x][0]'
INFO: [Synth 8-3886] merging instance 'game_instances_reg[58][x][5]' (FDSE) to 'game_instances_reg[57][x][6]'
INFO: [Synth 8-3886] merging instance 'render_instances_reg[58][x][5]' (FD) to 'render_instances_reg[57][x][6]'
INFO: [Synth 8-3886] merging instance 'game_instances_reg[58][x][6]' (FDSE) to 'game_instances_reg[57][x][6]'
INFO: [Synth 8-3886] merging instance 'render_instances_reg[58][x][6]' (FD) to 'render_instances_reg[57][x][6]'
INFO: [Synth 8-3886] merging instance 'game_instances_reg[58][x][7]' (FDRE) to 'game_instances_reg[57][x][0]'
INFO: [Synth 8-3886] merging instance 'render_instances_reg[58][x][7]' (FD) to 'render_instances_reg[57][x][0]'
INFO: [Synth 8-3886] merging instance 'game_instances_reg[58][x][8]' (FDRE) to 'game_instances_reg[57][x][0]'
INFO: [Synth 8-3886] merging instance 'render_instances_reg[58][x][8]' (FD) to 'render_instances_reg[57][x][0]'
INFO: [Synth 8-3886] merging instance 'game_instances_reg[58][x][9]' (FDSE) to 'game_instances_reg[57][x][6]'
INFO: [Synth 8-3886] merging instance 'render_instances_reg[58][x][9]' (FD) to 'render_instances_reg[57][x][6]'
INFO: [Synth 8-3886] merging instance 'game_instances_reg[57][x][0]' (FDRE) to 'game_instances_reg[57][x][1]'
INFO: [Synth 8-3886] merging instance 'render_instances_reg[57][x][0]' (FD) to 'render_instances_reg[57][x][1]'
INFO: [Synth 8-3886] merging instance 'game_instances_reg[57][x][1]' (FDRE) to 'game_instances_reg[57][x][2]'
INFO: [Synth 8-3886] merging instance 'render_instances_reg[57][x][1]' (FD) to 'render_instances_reg[57][x][2]'
INFO: [Synth 8-3886] merging instance 'game_instances_reg[57][x][2]' (FDRE) to 'game_instances_reg[57][x][3]'
INFO: [Synth 8-3886] merging instance 'render_instances_reg[57][x][2]' (FD) to 'render_instances_reg[57][x][3]'
INFO: [Synth 8-3886] merging instance 'game_instances_reg[57][x][3]' (FDRE) to 'game_instances_reg[57][x][4]'
INFO: [Synth 8-3886] merging instance 'render_instances_reg[57][x][3]' (FD) to 'render_instances_reg[57][x][4]'
INFO: [Synth 8-3886] merging instance 'game_instances_reg[57][x][4]' (FDRE) to 'game_instances_reg[57][x][5]'
INFO: [Synth 8-3886] merging instance 'render_instances_reg[57][x][4]' (FD) to 'render_instances_reg[57][x][5]'
INFO: [Synth 8-3886] merging instance 'game_instances_reg[57][x][5]' (FDRE) to 'game_instances_reg[57][x][7]'
INFO: [Synth 8-3886] merging instance 'render_instances_reg[57][x][5]' (FD) to 'render_instances_reg[57][x][7]'
INFO: [Synth 8-3886] merging instance 'game_instances_reg[57][x][6]' (FDSE) to 'game_instances_reg[57][x][9]'
INFO: [Synth 8-3886] merging instance 'render_instances_reg[57][x][6]' (FD) to 'render_instances_reg[57][x][9]'
INFO: [Synth 8-3886] merging instance 'game_instances_reg[57][x][7]' (FDRE) to 'game_instances_reg[57][x][8]'
INFO: [Synth 8-3886] merging instance 'render_instances_reg[57][x][7]' (FD) to 'render_instances_reg[57][x][8]'
INFO: [Synth 8-3886] merging instance 'game_instances_reg[57][x][8]' (FDRE) to 'game_instances_reg[56][x][8]'
INFO: [Synth 8-3886] merging instance 'render_instances_reg[57][x][8]' (FD) to 'render_instances_reg[56][x][8]'
INFO: [Synth 8-3886] merging instance 'game_instances_reg[57][x][9]' (FDSE) to 'game_instances_reg[56][x][9]'
INFO: [Synth 8-3886] merging instance 'render_instances_reg[57][x][9]' (FD) to 'render_instances_reg[56][x][9]'
INFO: [Synth 8-3886] merging instance 'game_instances_reg[56][sprite_id][5]' (FDRE) to 'game_instances_reg[54][sprite_id][5]'
INFO: [Synth 8-3886] merging instance 'render_instances_reg[56][sprite_id][5]' (FD) to 'render_instances_reg[54][sprite_id][5]'
INFO: [Synth 8-3886] merging instance 'game_instances_reg[56][x][0]' (FDRE) to 'game_instances_reg[56][x][8]'
INFO: [Synth 8-3886] merging instance 'render_instances_reg[56][x][0]' (FD) to 'render_instances_reg[56][x][8]'
INFO: [Synth 8-3886] merging instance 'game_instances_reg[56][x][1]' (FDRE) to 'game_instances_reg[56][x][8]'
INFO: [Synth 8-3886] merging instance 'render_instances_reg[56][x][1]' (FD) to 'render_instances_reg[56][x][8]'
INFO: [Synth 8-3886] merging instance 'game_instances_reg[56][x][2]' (FDRE) to 'game_instances_reg[56][x][8]'
INFO: [Synth 8-3886] merging instance 'render_instances_reg[56][x][2]' (FD) to 'render_instances_reg[56][x][8]'
INFO: [Synth 8-3886] merging instance 'game_instances_reg[56][x][3]' (FDRE) to 'game_instances_reg[56][x][8]'
INFO: [Synth 8-3886] merging instance 'render_instances_reg[56][x][3]' (FD) to 'render_instances_reg[56][x][8]'
INFO: [Synth 8-3886] merging instance 'game_instances_reg[56][x][4]' (FDRE) to 'game_instances_reg[56][x][8]'
INFO: [Synth 8-3886] merging instance 'render_instances_reg[56][x][4]' (FD) to 'render_instances_reg[56][x][8]'
INFO: [Synth 8-3886] merging instance 'game_instances_reg[56][x][5]' (FDSE) to 'game_instances_reg[56][x][9]'
INFO: [Synth 8-3886] merging instance 'render_instances_reg[56][x][5]' (FD) to 'render_instances_reg[56][x][9]'
INFO: [Synth 8-3886] merging instance 'game_instances_reg[56][x][6]' (FDRE) to 'game_instances_reg[56][x][8]'
INFO: [Synth 8-3886] merging instance 'render_instances_reg[56][x][6]' (FD) to 'render_instances_reg[56][x][8]'
INFO: [Synth 8-3886] merging instance 'game_instances_reg[56][x][7]' (FDRE) to 'game_instances_reg[56][x][8]'
INFO: [Synth 8-3886] merging instance 'render_instances_reg[56][x][7]' (FD) to 'render_instances_reg[56][x][8]'
INFO: [Synth 8-3333] propagating constant 0 across sequential element (\game_instances_reg[56][x][8] )
INFO: [Synth 8-3333] propagating constant 1 across sequential element (\game_instances_reg[56][x][9] )
INFO: [Synth 8-3333] propagating constant 1 across sequential element (\game_instances_reg[54][sprite_id][5] )
INFO: [Synth 8-3886] merging instance 'render_instances_reg[54][sprite_id][5]' (FD) to 'render_instances_reg[56][x][9]'
INFO: [Synth 8-3886] merging instance 'game_instances_reg[33][sprite_id][1]' (FDSE) to 'game_instances_reg[33][sprite_id][2]'
INFO: [Synth 8-3333] propagating constant 1 across sequential element (\game_instances_reg[33][sprite_id][2] )
INFO: [Synth 8-3886] merging instance 'game_instances_reg[33][sprite_id][3]' (FDRE) to 'game_instances_reg[33][sprite_id][4]'
INFO: [Synth 8-3886] merging instance 'game_instances_reg[33][sprite_id][4]' (FDRE) to 'game_instances_reg[33][sprite_id][5]'
INFO: [Synth 8-3333] propagating constant 0 across sequential element (\game_instances_reg[33][sprite_id][5] )
INFO: [Synth 8-3886] merging instance 'game_instances_reg[34][sprite_id][1]' (FDSE) to 'game_instances_reg[34][sprite_id][2]'
INFO: [Synth 8-3333] propagating constant 1 across sequential element (\game_instances_reg[34][sprite_id][2] )
INFO: [Synth 8-3886] merging instance 'game_instances_reg[34][sprite_id][3]' (FDRE) to 'game_instances_reg[34][sprite_id][4]'
INFO: [Synth 8-3886] merging instance 'game_instances_reg[34][sprite_id][4]' (FDRE) to 'game_instances_reg[34][sprite_id][5]'
INFO: [Synth 8-3333] propagating constant 0 across sequential element (\game_instances_reg[34][sprite_id][5] )
INFO: [Synth 8-3886] merging instance 'render_instances_reg[43][x][0]' (FDR) to 'render_instances_reg[47][x][0]'
INFO: [Synth 8-3886] merging instance 'render_instances_reg[43][x][1]' (FDR) to 'render_instances_reg[47][x][1]'
INFO: [Synth 8-3886] merging instance 'render_instances_reg[43][x][2]' (FDR) to 'render_instances_reg[47][x][2]'
INFO: [Synth 8-3886] merging instance 'render_instances_reg[43][x][3]' (FDR) to 'render_instances_reg[47][x][3]'
INFO: [Synth 8-3886] merging instance 'render_instances_reg[43][x][4]' (FDS) to 'render_instances_reg[47][x][4]'
INFO: [Synth 8-3886] merging instance 'render_instances_reg[43][x][5]' (FDR) to 'render_instances_reg[47][x][5]'
INFO: [Synth 8-3886] merging instance 'render_instances_reg[43][x][6]' (FDS) to 'render_instances_reg[47][x][6]'
INFO: [Synth 8-3886] merging instance 'render_instances_reg[43][x][9]' (FDR) to 'render_instances_reg[47][x][9]'
INFO: [Synth 8-3333] propagating constant 0 across sequential element (\render_instances_reg[56][x][8] )
INFO: [Synth 8-3333] propagating constant 1 across sequential element (\render_instances_reg[56][x][9] )
INFO: [Synth 8-3886] merging instance 'render_instances_reg[44][sprite_id][5]' (FDR) to 'render_instances_reg[42][sprite_id][5]'
INFO: [Synth 8-3886] merging instance 'render_instances_reg[44][sprite_id][4]' (FDS) to 'render_instances_reg[42][sprite_id][4]'
INFO: [Synth 8-3886] merging instance 'render_instances_reg[44][sprite_id][0]' (FDR) to 'render_instances_reg[42][sprite_id][0]'
INFO: [Synth 8-3886] merging instance 'render_instances_reg[47][x][9]' (FDR) to 'render_instances_reg[45][x][9]'
INFO: [Synth 8-3886] merging instance 'render_instances_reg[47][x][5]' (FDR) to 'render_instances_reg[45][x][5]'
INFO: [Synth 8-3886] merging instance 'render_instances_reg[47][x][4]' (FDS) to 'render_instances_reg[45][x][4]'
INFO: [Synth 8-3886] merging instance 'render_instances_reg[47][x][3]' (FDR) to 'render_instances_reg[45][x][3]'
INFO: [Synth 8-3886] merging instance 'render_instances_reg[47][x][2]' (FDR) to 'render_instances_reg[45][x][2]'
INFO: [Synth 8-3886] merging instance 'render_instances_reg[47][x][1]' (FDR) to 'render_instances_reg[45][x][1]'
INFO: [Synth 8-3886] merging instance 'render_instances_reg[47][x][0]' (FDR) to 'render_instances_reg[45][x][0]'
INFO: [Synth 8-3886] merging instance 'render_instances_reg[49][sprite_id][3]' (FDR) to 'render_instances_reg[50][sprite_id][3]'
INFO: [Synth 8-3886] merging instance 'render_instances_reg[50][x][0]' (FDR) to 'render_instances_reg[49][x][0]'
INFO: [Synth 8-3886] merging instance 'render_instances_reg[50][x][1]' (FDR) to 'render_instances_reg[49][x][1]'
INFO: [Synth 8-3886] merging instance 'render_instances_reg[50][x][2]' (FDR) to 'render_instances_reg[49][x][2]'
INFO: [Synth 8-3886] merging instance 'render_instances_reg[50][x][3]' (FDR) to 'render_instances_reg[49][x][3]'
INFO: [Synth 8-3886] merging instance 'render_instances_reg[50][x][4]' (FDS) to 'render_instances_reg[49][x][4]'
INFO: [Synth 8-3886] merging instance 'render_instances_reg[50][x][8]' (FDS) to 'render_instances_reg[49][x][8]'
INFO: [Synth 8-3886] merging instance 'render_instances_reg[50][x][9]' (FDR) to 'render_instances_reg[49][x][9]'
INFO: [Synth 8-3886] merging instance 'render_instances_reg[43][sprite_id][3]' (FDR) to 'render_instances_reg[42][sprite_id][3]'
---------------------------------------------------------------------------------
Finished Cross Boundary and Area Optimization : Time (s): cpu = 00:00:24 ; elapsed = 00:00:37 . Memory (MB): peak = 2431.848 ; gain = 761.410 ; free physical = 3996 ; free virtual = 22944
---------------------------------------------------------------------------------
---------------------------------------------------------------------------------
Start Stitch Unchanged AreaOpt Partitions
---------------------------------------------------------------------------------
---------------------------------------------------------------------------------
Finished Stitch Unchanged AreaOpt Partitions : Time (s): cpu = 00:00:24 ; elapsed = 00:00:37 . Memory (MB): peak = 2431.848 ; gain = 761.410 ; free physical = 3970 ; free virtual = 22919
---------------------------------------------------------------------------------
---------------------------------------------------------------------------------
Start Applying XDC Timing Constraints
---------------------------------------------------------------------------------
---------------------------------------------------------------------------------
Finished Applying XDC Timing Constraints : Time (s): cpu = 00:00:27 ; elapsed = 00:00:40 . Memory (MB): peak = 2450.926 ; gain = 780.488 ; free physical = 3438 ; free virtual = 22404
---------------------------------------------------------------------------------
---------------------------------------------------------------------------------
Start Timing Optimization
---------------------------------------------------------------------------------
---------------------------------------------------------------------------------
Finished Timing Optimization : Time (s): cpu = 00:00:29 ; elapsed = 00:00:42 . Memory (MB): peak = 2492.988 ; gain = 822.551 ; free physical = 3399 ; free virtual = 22365
---------------------------------------------------------------------------------
---------------------------------------------------------------------------------
Start Technology Mapping
---------------------------------------------------------------------------------
---------------------------------------------------------------------------------
Finished Technology Mapping : Time (s): cpu = 00:00:29 ; elapsed = 00:00:47 . Memory (MB): peak = 2512.914 ; gain = 842.477 ; free physical = 3101 ; free virtual = 22114
---------------------------------------------------------------------------------
---------------------------------------------------------------------------------
Start Stitch Unchanged Partitions
---------------------------------------------------------------------------------
---------------------------------------------------------------------------------
Finished Stitch Unchanged Partitions : Time (s): cpu = 00:00:29 ; elapsed = 00:00:47 . Memory (MB): peak = 2512.914 ; gain = 842.477 ; free physical = 3101 ; free virtual = 22113
---------------------------------------------------------------------------------
---------------------------------------------------------------------------------
Start IO Insertion
---------------------------------------------------------------------------------
---------------------------------------------------------------------------------
Start Flattening Before IO Insertion
---------------------------------------------------------------------------------
---------------------------------------------------------------------------------
Finished Flattening Before IO Insertion
---------------------------------------------------------------------------------
---------------------------------------------------------------------------------
Start Final Netlist Cleanup
---------------------------------------------------------------------------------
---------------------------------------------------------------------------------
Finished Final Netlist Cleanup
---------------------------------------------------------------------------------
---------------------------------------------------------------------------------
Finished IO Insertion : Time (s): cpu = 00:00:32 ; elapsed = 00:00:49 . Memory (MB): peak = 2634.812 ; gain = 964.375 ; free physical = 3035 ; free virtual = 22052
---------------------------------------------------------------------------------
---------------------------------------------------------------------------------
Start Renaming Generated Instances
---------------------------------------------------------------------------------
---------------------------------------------------------------------------------
Finished Renaming Generated Instances : Time (s): cpu = 00:00:32 ; elapsed = 00:00:49 . Memory (MB): peak = 2634.812 ; gain = 964.375 ; free physical = 3035 ; free virtual = 22053
---------------------------------------------------------------------------------
---------------------------------------------------------------------------------
Start Rebuilding User Hierarchy
---------------------------------------------------------------------------------
---------------------------------------------------------------------------------
Finished Rebuilding User Hierarchy : Time (s): cpu = 00:00:32 ; elapsed = 00:00:50 . Memory (MB): peak = 2634.812 ; gain = 964.375 ; free physical = 3032 ; free virtual = 22049
---------------------------------------------------------------------------------
---------------------------------------------------------------------------------
Start Renaming Generated Ports
---------------------------------------------------------------------------------
---------------------------------------------------------------------------------
Finished Renaming Generated Ports : Time (s): cpu = 00:00:32 ; elapsed = 00:00:50 . Memory (MB): peak = 2634.812 ; gain = 964.375 ; free physical = 3032 ; free virtual = 22049
---------------------------------------------------------------------------------
---------------------------------------------------------------------------------
Start Handling Custom Attributes
---------------------------------------------------------------------------------
---------------------------------------------------------------------------------
Finished Handling Custom Attributes : Time (s): cpu = 00:00:32 ; elapsed = 00:00:50 . Memory (MB): peak = 2634.812 ; gain = 964.375 ; free physical = 3037 ; free virtual = 22046
---------------------------------------------------------------------------------
---------------------------------------------------------------------------------
Start Renaming Generated Nets
---------------------------------------------------------------------------------
---------------------------------------------------------------------------------
Finished Renaming Generated Nets : Time (s): cpu = 00:00:32 ; elapsed = 00:00:50 . Memory (MB): peak = 2634.812 ; gain = 964.375 ; free physical = 3037 ; free virtual = 22046
---------------------------------------------------------------------------------
---------------------------------------------------------------------------------
Start ROM, RAM, DSP, Shift Register and Retiming Reporting
---------------------------------------------------------------------------------

Static Shift Register Report:
+------------+---------------------------+--------+-------+--------------+--------------------+-------------------+--------+---------+
|Module Name | RTL Name                  | Length | Width | Reset Signal | Pull out first Reg | Pull out last Reg | SRL16E | SRLC32E | 
+------------+---------------------------+--------+-------+--------------+--------------------+-------------------+--------+---------+
|top         | vcount_d4_reg[9]          | 4      | 10    | NO           | NO                 | YES               | 10     | 0       | 
|top         | hcount_d4_reg[9]          | 4      | 10    | NO           | NO                 | YES               | 10     | 0       | 
|top         | video_on_d4_reg           | 4      | 1     | NO           | NO                 | YES               | 1      | 0       | 
|top         | sprite_valid_top_d4_reg   | 5      | 1     | NO           | NO                 | YES               | 1      | 0       | 
|top         | sprite_valid_under_d4_reg | 5      | 1     | NO           | NO                 | YES               | 1      | 0       | 
|top         | VGA_VS_reg                | 5      | 1     | NO           | NO                 | YES               | 1      | 0       | 
|top         | VGA_HS_reg                | 5      | 1     | NO           | NO                 | YES               | 1      | 0       | 
+------------+---------------------------+--------+-------+--------------+--------------------+-------------------+--------+---------+

---------------------------------------------------------------------------------
Finished ROM, RAM, DSP, Shift Register and Retiming Reporting
---------------------------------------------------------------------------------
---------------------------------------------------------------------------------
Start Writing Synthesis Report
---------------------------------------------------------------------------------

Report BlackBoxes: 
+------+--------------+----------+
|      |BlackBox name |Instances |
+------+--------------+----------+
|1     |blk_mem_gen_0 |         2|
|2     |uart_bram     |         1|
|3     |blk_mem_gen_1 |         2|
+------+--------------+----------+

Report Cell Usage: 
+------+--------------+------+
|      |Cell          |Count |
+------+--------------+------+
|1     |blk_mem_gen   |     1|
|2     |blk_mem_gen_0 |     1|
|3     |blk_mem_gen   |     1|
|4     |blk_mem_gen_1 |     1|
|5     |uart_bram     |     1|
|6     |BUFG          |     2|
|7     |CARRY4        |  1263|
|8     |LUT1          |   697|
|9     |LUT2          |  2123|
|10    |LUT3          |   890|
|11    |LUT4          |  1505|
|12    |LUT5          |  2267|
|13    |LUT6          |  3899|
|14    |MUXF7         |   155|
|15    |MUXF8         |    17|
|16    |RAM16X1S      |    19|
|17    |SRL16E        |    25|
|18    |FDRE          |  3033|
|19    |FDSE          |    40|
|20    |IBUF          |     2|
|21    |OBUF          |    14|
+------+--------------+------+
---------------------------------------------------------------------------------
Finished Writing Synthesis Report : Time (s): cpu = 00:00:32 ; elapsed = 00:00:50 . Memory (MB): peak = 2634.812 ; gain = 964.375 ; free physical = 3037 ; free virtual = 22046
---------------------------------------------------------------------------------
Synthesis finished with 0 errors, 0 critical warnings and 0 warnings.
Synthesis Optimization Runtime : Time (s): cpu = 00:00:32 ; elapsed = 00:00:52 . Memory (MB): peak = 2638.727 ; gain = 876.422 ; free physical = 5175 ; free virtual = 24761
Synthesis Optimization Complete : Time (s): cpu = 00:00:34 ; elapsed = 00:00:53 . Memory (MB): peak = 2638.727 ; gain = 968.289 ; free physical = 5175 ; free virtual = 24755
INFO: [Project 1-571] Translating synthesized netlist
Netlist sorting complete. Time (s): cpu = 00:00:00.06 ; elapsed = 00:00:00.05 . Memory (MB): peak = 2638.727 ; gain = 0.000 ; free physical = 5427 ; free virtual = 24756
INFO: [Netlist 29-17] Analyzing 1454 Unisim elements for replacement
INFO: [Netlist 29-28] Unisim Transformation completed in 0 CPU seconds
INFO: [Project 1-570] Preparing netlist for logic optimization
INFO: [Opt 31-138] Pushed 0 inverter(s) to 0 load pin(s).
Netlist sorting complete. Time (s): cpu = 00:00:00 ; elapsed = 00:00:00 . Memory (MB): peak = 2682.836 ; gain = 0.000 ; free physical = 5625 ; free virtual = 24796
INFO: [Project 1-111] Unisim Transformation Summary:
  A total of 19 instances were transformed.
  RAM16X1S => RAM32X1S (RAMS32): 19 instances

Synth Design complete | Checksum: f763ca46
INFO: [Common 17-83] Releasing license: Synthesis
139 Infos, 69 Warnings, 0 Critical Warnings and 0 Errors encountered.
synth_design completed successfully
synth_design: Time (s): cpu = 00:00:38 ; elapsed = 00:00:57 . Memory (MB): peak = 2682.871 ; gain = 1155.340 ; free physical = 5624 ; free virtual = 24795
INFO: [Common 17-2834] synth_design peak Physical Memory [PSS] (MB): overall = 4758.062; main = 1791.836; forked = 3127.364
INFO: [Common 17-2834] synth_design peak Virtual Memory [VSS] (MB): overall = 8413.816; main = 2682.840; forked = 5779.000
Write ShapeDB Complete: Time (s): cpu = 00:00:00.04 ; elapsed = 00:00:00.01 . Memory (MB): peak = 2706.848 ; gain = 0.000 ; free physical = 5622 ; free virtual = 24795
INFO: [Common 17-1381] The checkpoint '/home/bram-laurens/SpaceInvaders_V2/SpaceInvaders_V2.runs/synth_1/top.dcp' has been generated.
INFO: [Vivado 12-24828] Executing command : report_utilization -file top_utilization_synth.rpt -pb top_utilization_synth.pb
INFO: [Common 17-206] Exiting Vivado at Wed Jan 28 21:39:23 2026...
