#-----------------------------------------------------------
# Vivado v2025.1 (64-bit)
# SW Build 6140274 on Wed May 21 22:58:25 MDT 2025
# IP Build 6138677 on Thu May 22 03:10:11 MDT 2025
# SharedData Build 6139179 on Tue May 20 17:58:58 MDT 2025
# Start of session at: Tue Jan 13 19:30:50 2026
# Process ID         : 413977
# Current directory  : /home/bram-laurens/SpaceInvaders_V2/SpaceInvaders_V2.runs/blk_mem_gen_0_synth_1
# Command line       : vivado -log blk_mem_gen_0.vds -product Vivado -mode batch -messageDb vivado.pb -notrace -source blk_mem_gen_0.tcl
# Log file           : /home/bram-laurens/SpaceInvaders_V2/SpaceInvaders_V2.runs/blk_mem_gen_0_synth_1/blk_mem_gen_0.vds
# Journal file       : /home/bram-laurens/SpaceInvaders_V2/SpaceInvaders_V2.runs/blk_mem_gen_0_synth_1/vivado.jou
# Running On         : bram-laurens-ROG-Zephyrus-G16-GU605MI
# Platform           : Ubuntu
# Operating System   : Ubuntu 24.04.3 LTS
# Processor Detail   : Intel(R) Core(TM) Ultra 7 155H
# CPU Frequency      : 3749.542 MHz
# CPU Physical cores : 16
# CPU Logical cores  : 22
# Host memory        : 33032 MB
# Swap memory        : 8589 MB
# Total Virtual      : 41622 MB
# Available Virtual  : 28813 MB
#-----------------------------------------------------------
source blk_mem_gen_0.tcl -notrace
